Archive member included to satisfy reference by file (symbol)

/opt/st/stm32mp2/5.0.3-openstlinux-6.6-yocto-scarthgap-mpu-v24.11.06/sysroots/cortexa35-ostl-linux/usr/include/optee/export-user_ta_arm64/lib/libutils.a(stack_check.o)
                              ./ta_rsa_encrypt.o (__stack_chk_fail)
/opt/st/stm32mp2/5.0.3-openstlinux-6.6-yocto-scarthgap-mpu-v24.11.06/sysroots/cortexa35-ostl-linux/usr/include/optee/export-user_ta_arm64/lib/libutils.a(trace.o)
                              ./ta_rsa_encrypt.o (trace_printf)
/opt/st/stm32mp2/5.0.3-openstlinux-6.6-yocto-scarthgap-mpu-v24.11.06/sysroots/cortexa35-ostl-linux/usr/include/optee/export-user_ta_arm64/lib/libutils.a(memcpy.o)
                              /opt/st/stm32mp2/5.0.3-openstlinux-6.6-yocto-scarthgap-mpu-v24.11.06/sysroots/cortexa35-ostl-linux/usr/include/optee/export-user_ta_arm64/lib/libutils.a(trace.o) (memcpy)
/opt/st/stm32mp2/5.0.3-openstlinux-6.6-yocto-scarthgap-mpu-v24.11.06/sysroots/cortexa35-ostl-linux/usr/include/optee/export-user_ta_arm64/lib/libutils.a(snprintk.o)
                              /opt/st/stm32mp2/5.0.3-openstlinux-6.6-yocto-scarthgap-mpu-v24.11.06/sysroots/cortexa35-ostl-linux/usr/include/optee/export-user_ta_arm64/lib/libutils.a(trace.o) (vsnprintk)
/opt/st/stm32mp2/5.0.3-openstlinux-6.6-yocto-scarthgap-mpu-v24.11.06/sysroots/cortexa35-ostl-linux/usr/include/optee/export-user_ta_arm64/lib/libutils.a(memchr.o)
                              /opt/st/stm32mp2/5.0.3-openstlinux-6.6-yocto-scarthgap-mpu-v24.11.06/sysroots/cortexa35-ostl-linux/usr/include/optee/export-user_ta_arm64/lib/libutils.a(snprintk.o) (memchr)
/opt/st/stm32mp2/5.0.3-openstlinux-6.6-yocto-scarthgap-mpu-v24.11.06/sysroots/cortexa35-ostl-linux/usr/include/optee/export-user_ta_arm64/lib/libutils.a(strlen.o)
                              /opt/st/stm32mp2/5.0.3-openstlinux-6.6-yocto-scarthgap-mpu-v24.11.06/sysroots/cortexa35-ostl-linux/usr/include/optee/export-user_ta_arm64/lib/libutils.a(snprintk.o) (strlen)
/opt/st/stm32mp2/5.0.3-openstlinux-6.6-yocto-scarthgap-mpu-v24.11.06/sysroots/cortexa35-ostl-linux/usr/include/optee/export-user_ta_arm64/lib/libutee.a(trace_ext.o)
                              /opt/st/stm32mp2/5.0.3-openstlinux-6.6-yocto-scarthgap-mpu-v24.11.06/sysroots/cortexa35-ostl-linux/usr/include/optee/export-user_ta_arm64/lib/libutils.a(trace.o) (trace_ext_puts)
/opt/st/stm32mp2/5.0.3-openstlinux-6.6-yocto-scarthgap-mpu-v24.11.06/sysroots/cortexa35-ostl-linux/usr/include/optee/export-user_ta_arm64/lib/libutee.a(tee_api_objects.o)
                              ./ta_rsa_encrypt.o (TEE_CloseObject)
/opt/st/stm32mp2/5.0.3-openstlinux-6.6-yocto-scarthgap-mpu-v24.11.06/sysroots/cortexa35-ostl-linux/usr/include/optee/export-user_ta_arm64/lib/libutee.a(tee_api_operations.o)
                              ./ta_rsa_encrypt.o (TEE_FreeOperation)
/opt/st/stm32mp2/5.0.3-openstlinux-6.6-yocto-scarthgap-mpu-v24.11.06/sysroots/cortexa35-ostl-linux/usr/include/optee/export-user_ta_arm64/lib/libutee.a(tee_api_panic.o)
                              /opt/st/stm32mp2/5.0.3-openstlinux-6.6-yocto-scarthgap-mpu-v24.11.06/sysroots/cortexa35-ostl-linux/usr/include/optee/export-user_ta_arm64/lib/libutee.a(tee_api_objects.o) (TEE_Panic)
/opt/st/stm32mp2/5.0.3-openstlinux-6.6-yocto-scarthgap-mpu-v24.11.06/sysroots/cortexa35-ostl-linux/usr/include/optee/export-user_ta_arm64/lib/libutee.a(user_ta_entry.o)
                              ./user_ta_header.o (__utee_entry)
/opt/st/stm32mp2/5.0.3-openstlinux-6.6-yocto-scarthgap-mpu-v24.11.06/sysroots/cortexa35-ostl-linux/usr/include/optee/export-user_ta_arm64/lib/libutee.a(utee_syscalls_a64.o)
                              /opt/st/stm32mp2/5.0.3-openstlinux-6.6-yocto-scarthgap-mpu-v24.11.06/sysroots/cortexa35-ostl-linux/usr/include/optee/export-user_ta_arm64/lib/libutils.a(stack_check.o) (_utee_panic)
/opt/st/stm32mp2/5.0.3-openstlinux-6.6-yocto-scarthgap-mpu-v24.11.06/sysroots/cortexa35-ostl-linux/usr/include/optee/export-user_ta_arm64/lib/libutee.a(abort.o)
                              /opt/st/stm32mp2/5.0.3-openstlinux-6.6-yocto-scarthgap-mpu-v24.11.06/sysroots/cortexa35-ostl-linux/usr/include/optee/export-user_ta_arm64/lib/libutee.a(user_ta_entry.o) (abort)
/opt/st/stm32mp2/5.0.3-openstlinux-6.6-yocto-scarthgap-mpu-v24.11.06/sysroots/cortexa35-ostl-linux/usr/include/optee/export-user_ta_arm64/lib/libutee.a(assert.o)
                              /opt/st/stm32mp2/5.0.3-openstlinux-6.6-yocto-scarthgap-mpu-v24.11.06/sysroots/cortexa35-ostl-linux/usr/include/optee/export-user_ta_arm64/lib/libutee.a(tee_api_operations.o) (_assert_log)
/opt/st/stm32mp2/5.0.3-openstlinux-6.6-yocto-scarthgap-mpu-v24.11.06/sysroots/cortexa35-ostl-linux/usr/include/optee/export-user_ta_arm64/lib/libutee.a(tee_api.o)
                              /opt/st/stm32mp2/5.0.3-openstlinux-6.6-yocto-scarthgap-mpu-v24.11.06/sysroots/cortexa35-ostl-linux/usr/include/optee/export-user_ta_arm64/lib/libutee.a(tee_api_panic.o) (TEE_CheckMemoryAccessRights)
[...]
Memory Configuration

Name             Origin             Length             Attributes
*default*        0x0000000000000000 0xffffffffffffffff

Linker script and memory map


.text           0x0000000000000000    0x13608
                0x0000000000000000                __text_start = .
 *(SORT_BY_ALIGNMENT(.text) SORT_BY_ALIGNMENT(.text.*))
 .text          0x0000000000000000       0xd8 /opt/st/stm32mp2/5.0.3-openstlinux-6.6-yocto-scarthgap-mpu-v24.11.06/sysroots/cortexa35-ostl-linux/usr/include/optee/export-user_ta_arm64/lib/libutils.a(memcpy.o)
                0x0000000000000000                memcpy
 .text          0x00000000000000d8      0x4dc ./ta_rsa_encrypt.o
                0x00000000000002a0                TA_CreateEntryPoint
                0x00000000000002a8                TA_DestroyEntryPoint
                0x00000000000002bc                TA_OpenSessionEntryPoint
                0x00000000000002c4                TA_CloseSessionEntryPoint
                0x00000000000002c8                TA_InvokeCommandEntryPoint
 .text          0x00000000000005b4       0x1c ./user_ta_header.o
                0x00000000000005b4                __ta_entry
                0x00000000000005c8                tahead_get_trace_level
 .text          0x00000000000005d0       0x30 /opt/st/stm32mp2/5.0.3-openstlinux-6.6-yocto-scarthgap-mpu-v24.11.06/sysroots/cortexa35-ostl-linux/usr/include/optee/export-user_ta_arm64/lib/libutils.a(stack_check.o)
                0x00000000000005d0                __stack_chk_fail
 .text          0x0000000000000600      0x340 /opt/st/stm32mp2/5.0.3-openstlinux-6.6-yocto-scarthgap-mpu-v24.11.06/sysroots/cortexa35-ostl-linux/usr/include/optee/export-user_ta_arm64/lib/libutils.a(trace.o)
                0x0000000000000600                trace_set_level
                0x000000000000061c                trace_get_level
                0x000000000000062c                trace_vprintf
                0x0000000000000850                trace_printf
                0x000000000000093c                dhex_dump
 .text          0x0000000000000940      0xdfc /opt/st/stm32mp2/5.0.3-openstlinux-6.6-yocto-scarthgap-mpu-v24.11.06/sysroots/cortexa35-ostl-linux/usr/include/optee/export-user_ta_arm64/lib/libutils.a(snprintk.o)
                0x0000000000000940                __vsnprintf
                0x0000000000000a0c                vsnprintk
                0x0000000000000a64                snprintk
                0x00000000000016f0                __vsprintf
 .text          0x000000000000173c       0x2c /opt/st/stm32mp2/5.0.3-openstlinux-6.6-yocto-scarthgap-mpu-v24.11.06/sysroots/cortexa35-ostl-linux/usr/include/optee/export-user_ta_arm64/lib/libutils.a(memchr.o)
                0x000000000000173c                memchr
 .text          0x0000000000001768       0x1c /opt/st/stm32mp2/5.0.3-openstlinux-6.6-yocto-scarthgap-mpu-v24.11.06/sysroots/cortexa35-ostl-linux/usr/include/optee/export-user_ta_arm64/lib/libutils.a(strlen.o)
                0x0000000000001768                strlen
 .text          0x0000000000001784      0x1e8 /opt/st/stm32mp2/5.0.3-openstlinux-6.6-yocto-scarthgap-mpu-v24.11.06/sysroots/cortexa35-ostl-linux/usr/include/optee/export-user_ta_arm64/lib/libutee.a(trace_ext.o)
                0x0000000000001784                trace_ext_puts
                0x00000000000017ac                trace_ext_get_thread_id
                0x00000000000017b4                printf
                0x00000000000018b4                puts
                0x00000000000018f4                putchar
 .text          0x000000000000196c     0x1b0c /opt/st/stm32mp2/5.0.3-openstlinux-6.6-yocto-scarthgap-mpu-v24.11.06/sysroots/cortexa35-ostl-linux/usr/include/optee/export-user_ta_arm64/lib/libutee.a(tee_api_objects.o)
                0x000000000000196c                __utee_from_attr
                0x00000000000019bc                __utee_from_gp11_attr
                0x0000000000001a0c                TEE_GetObjectInfo
                0x0000000000001ad0                __GP11_TEE_GetObjectInfo
                0x0000000000001ba0                TEE_GetObjectInfo1
                0x0000000000001c58                __GP11_TEE_GetObjectInfo1
                0x0000000000001d20                TEE_RestrictObjectUsage1
                0x0000000000001d64                TEE_RestrictObjectUsage
                0x0000000000001dfc                TEE_GetObjectBufferAttribute
                0x0000000000001f08                __GP11_TEE_GetObjectBufferAttribute
                0x0000000000001fac                TEE_GetObjectValueAttribute
                0x00000000000020ec                TEE_CloseObject
                0x0000000000002114                __GP11_TEE_AllocateTransientObject
                0x00000000000021d0                TEE_AllocateTransientObject
                0x00000000000021ec                TEE_FreeTransientObject
                0x0000000000002284                TEE_ResetTransientObject
                0x000000000000231c                TEE_PopulateTransientObject
                0x0000000000002430                __GP11_TEE_PopulateTransientObject
                0x0000000000002544                TEE_InitRefAttribute
                0x0000000000002590                __GP11_TEE_InitRefAttribute
                0x00000000000025e0                TEE_InitValueAttribute
                0x000000000000262c                __GP11_TEE_InitValueAttribute
                0x0000000000002678                TEE_CopyObjectAttributes1
                0x0000000000002778                TEE_CopyObjectAttributes
                0x0000000000002814                TEE_GenerateKey
                0x00000000000028ec                __GP11_TEE_GenerateKey
                0x00000000000029c4                TEE_OpenPersistentObject
                0x0000000000002ac0                __GP11_TEE_OpenPersistentObject
                0x0000000000002ac8                TEE_CreatePersistentObject
                0x0000000000002c14                __GP11_TEE_CreatePersistentObject
                0x0000000000002c90                TEE_CloseAndDeletePersistentObject1
                0x0000000000002cd8                TEE_CloseAndDeletePersistentObject
                0x0000000000002d04                TEE_RenamePersistentObject
                0x0000000000002d60                __GP11_TEE_RenamePersistentObject
                0x0000000000002d68                TEE_AllocatePersistentObjectEnumerator
                0x0000000000002e00                TEE_FreePersistentObjectEnumerator
                0x0000000000002e28                TEE_ResetPersistentObjectEnumerator
                0x0000000000002e50                TEE_StartPersistentObjectEnumerator
                0x0000000000002ea0                TEE_GetNextPersistentObject
                0x0000000000002fc4                __GP11_TEE_GetNextPersistentObject
                0x00000000000030f8                TEE_ReadObjectData
                0x00000000000031c8                __GP11_TEE_ReadObjectData
                0x000000000000326c                TEE_WriteObjectData
                0x00000000000032e4                __GP11_TEE_WriteObjectData
                0x00000000000032ec                TEE_TruncateObjectData
                0x0000000000003348                __GP11_TEE_TruncateObjectData
                0x0000000000003350                TEE_SeekObjectData
                0x0000000000003470                __GP11_TEE_SeekObjectData
 .text          0x0000000000003478     0x4434 /opt/st/stm32mp2/5.0.3-openstlinux-6.6-yocto-scarthgap-mpu-v24.11.06/sysroots/cortexa35-ostl-linux/usr/include/optee/export-user_ta_arm64/lib/libutee.a(tee_api_operations.o)
                0x0000000000003bb0                TEE_FreeOperation
                0x0000000000003bf0                TEE_AllocateOperation
                0x0000000000004704                __GP11_TEE_FreeOperation
                0x0000000000004730                TEE_GetOperationInfo
                0x0000000000004784                TEE_GetOperationInfoMultiple
                0x000000000000493c                __GP11_TEE_GetOperationInfoMultiple
                0x00000000000049d0                TEE_ResetOperation
                0x0000000000004a0c                TEE_SetOperationKey
                0x0000000000004b60                __GP11_TEE_SetOperationKey
                0x0000000000004b9c                TEE_SetOperationKey2
                0x0000000000004bbc                __GP11_TEE_SetOperationKey2
                0x0000000000004c08                TEE_CopyOperation
                0x0000000000004d64                TEE_DigestUpdate
                0x0000000000004dd4                __GP11_TEE_DigestUpdate
                0x0000000000004ddc                TEE_DigestDoFinal
                0x0000000000004f50                __GP11_TEE_DigestDoFinal
                0x0000000000004ffc                TEE_DigestExtract
                0x00000000000051a8                TEE_CipherInit
                0x0000000000005284                __GP11_TEE_CipherInit
                0x000000000000528c                TEE_CipherUpdate
                0x0000000000005428                __GP11_TEE_CipherUpdate
                0x00000000000054d4                TEE_CipherDoFinal
                0x00000000000056f4                __GP11_TEE_CipherDoFinal
                0x00000000000057ac                TEE_MACInit
                0x0000000000005850                __GP11_TEE_MACInit
                0x0000000000005858                TEE_MACUpdate
                0x00000000000058f8                __GP11_TEE_MACUpdate
                0x0000000000005900                TEE_MACComputeFinal
                0x0000000000005a18                __GP11_TEE_MACComputeFinal
                0x0000000000005ac4                TEE_MACCompareFinal
                0x0000000000005bcc                __GP11_TEE_MACCompareFinal
                0x0000000000005bd8                TEE_AEInit
                0x0000000000005c9c                __GP11_TEE_AEInit
                0x0000000000005cac                TEE_AEUpdateAAD
                0x0000000000005d48                __GP11_TEE_AEUpdateAAD
                0x0000000000005ddc                TEE_AEUpdate
                0x0000000000005ea8                __GP11_TEE_AEUpdate
                0x0000000000005fb0                TEE_AEEncryptFinal
                0x00000000000061b8                __GP11_TEE_AEEncryptFinal
                0x0000000000006298                TEE_AEDecryptFinal
                0x0000000000006474                __GP11_TEE_AEDecryptFinal
                0x0000000000006538                TEE_AsymmetricEncrypt
                0x00000000000066c8                __GP11_TEE_AsymmetricEncrypt
                0x0000000000006840                TEE_AsymmetricDecrypt
                0x00000000000069d4                __GP11_TEE_AsymmetricDecrypt
                0x0000000000006b50                TEE_AsymmetricSignDigest
                0x0000000000006cc0                __GP11_TEE_AsymmetricSignDigest
                0x0000000000006e30                TEE_AsymmetricVerifyDigest
                0x0000000000006f8c                __GP11_TEE_AsymmetricVerifyDigest
                0x00000000000070e8                TEE_DeriveKey
                0x0000000000007264                __GP11_TEE_DeriveKey
                0x00000000000073e0                TEE_GenerateRandom
                0x0000000000007400                __GP11_TEE_GenerateRandom
                0x0000000000007408                rand
                0x000000000000746c                TEE_IsAlgorithmSupported
 .text          0x00000000000078ac      0x1b8 /opt/st/stm32mp2/5.0.3-openstlinux-6.6-yocto-scarthgap-mpu-v24.11.06/sysroots/cortexa35-ostl-linux/usr/include/optee/export-user_ta_arm64/lib/libutee.a(tee_api_panic.o)
                0x00000000000078c8                TEE_Panic
                0x00000000000078d8                __utee_check_outbuf_annotation
                0x0000000000007934                __utee_check_gp11_outbuf_annotation
                0x0000000000007990                __utee_check_instring_annotation
                0x00000000000079d0                __utee_check_outstring_annotation
                0x00000000000079d4                __utee_check_gp11_outstring_annotation
                0x00000000000079d8                __utee_check_out_annotation
                0x0000000000007a04                __utee_check_attr_in_annotation
                0x0000000000007a34                __utee_check_gp11_attr_in_annotation
                0x0000000000007a38                __utee_check_inout_annotation
 .text          0x0000000000007a64      0x758 /opt/st/stm32mp2/5.0.3-openstlinux-6.6-yocto-scarthgap-mpu-v24.11.06/sysroots/cortexa35-ostl-linux/usr/include/optee/export-user_ta_arm64/lib/libutee.a(user_ta_entry.o)
                0x0000000000007d34                __utee_call_elf_init_fn
                0x0000000000007e88                __utee_call_elf_fini_fn
                0x0000000000007f2c                __utee_entry
 .text._utee_panic
                0x00000000000081bc        0xc /opt/st/stm32mp2/5.0.3-openstlinux-6.6-yocto-scarthgap-mpu-v24.11.06/sysroots/cortexa35-ostl-linux/usr/include/optee/export-user_ta_arm64/lib/libutee.a(utee_syscalls_a64.o)
                0x00000000000081bc                _utee_panic
 .text._utee_return
                0x00000000000081c8        0xc /opt/st/stm32mp2/5.0.3-openstlinux-6.6-yocto-scarthgap-mpu-v24.11.06/sysroots/cortexa35-ostl-linux/usr/include/optee/export-user_ta_arm64/lib/libutee.a(utee_syscalls_a64.o)
                0x00000000000081c8                _utee_return
 .text._utee_log
                0x00000000000081d4        0xc /opt/st/stm32mp2/5.0.3-openstlinux-6.6-yocto-scarthgap-mpu-v24.11.06/sysroots/cortexa35-ostl-linux/usr/include/optee/export-user_ta_arm64/lib/libutee.a(utee_syscalls_a64.o)
                0x00000000000081d4                _utee_log
 .text.__utee_panic
                0x00000000000081e0        0xc /opt/st/stm32mp2/5.0.3-openstlinux-6.6-yocto-scarthgap-mpu-v24.11.06/sysroots/cortexa35-ostl-linux/usr/include/optee/export-user_ta_arm64/lib/libutee.a(utee_syscalls_a64.o)
                0x00000000000081e0                __utee_panic
 .text._utee_get_property
                0x00000000000081ec        0xc /opt/st/stm32mp2/5.0.3-openstlinux-6.6-yocto-scarthgap-mpu-v24.11.06/sysroots/cortexa35-ostl-linux/usr/include/optee/export-user_ta_arm64/lib/libutee.a(utee_syscalls_a64.o)
                0x00000000000081ec                _utee_get_property
 .text._utee_get_property_name_to_index
                0x00000000000081f8        0xc /opt/st/stm32mp2/5.0.3-openstlinux-6.6-yocto-scarthgap-mpu-v24.11.06/sysroots/cortexa35-ostl-linux/usr/include/optee/export-user_ta_arm64/lib/libutee.a(utee_syscalls_a64.o)
                0x00000000000081f8                _utee_get_property_name_to_index
 .text._utee_open_ta_session
                0x0000000000008204        0xc /opt/st/stm32mp2/5.0.3-openstlinux-6.6-yocto-scarthgap-mpu-v24.11.06/sysroots/cortexa35-ostl-linux/usr/include/optee/export-user_ta_arm64/lib/libutee.a(utee_syscalls_a64.o)
                0x0000000000008204                _utee_open_ta_session
 .text._utee_close_ta_session
                0x0000000000008210        0xc /opt/st/stm32mp2/5.0.3-openstlinux-6.6-yocto-scarthgap-mpu-v24.11.06/sysroots/cortexa35-ostl-linux/usr/include/optee/export-user_ta_arm64/lib/libutee.a(utee_syscalls_a64.o)
                0x0000000000008210                _utee_close_ta_session
 .text._utee_invoke_ta_command
                0x000000000000821c        0xc /opt/st/stm32mp2/5.0.3-openstlinux-6.6-yocto-scarthgap-mpu-v24.11.06/sysroots/cortexa35-ostl-linux/usr/include/optee/export-user_ta_arm64/lib/libutee.a(utee_syscalls_a64.o)
                0x000000000000821c                _utee_invoke_ta_command
 .text._utee_get_cancellation_flag
                0x0000000000008228        0xc /opt/st/stm32mp2/5.0.3-openstlinux-6.6-yocto-scarthgap-mpu-v24.11.06/sysroots/cortexa35-ostl-linux/usr/include/optee/export-user_ta_arm64/lib/libutee.a(utee_syscalls_a64.o)
                0x0000000000008228                _utee_get_cancellation_flag
 .text._utee_check_access_rights
                0x0000000000008234        0xc /opt/st/stm32mp2/5.0.3-openstlinux-6.6-yocto-scarthgap-mpu-v24.11.06/sysroots/cortexa35-ostl-linux/usr/include/optee/export-user_ta_arm64/lib/libutee.a(utee_syscalls_a64.o)
                0x0000000000008234                _utee_check_access_rights
 .text._utee_unmask_cancellation
                0x0000000000008240        0xc /opt/st/stm32mp2/5.0.3-openstlinux-6.6-yocto-scarthgap-mpu-v24.11.06/sysroots/cortexa35-ostl-linux/usr/include/optee/export-user_ta_arm64/lib/libutee.a(utee_syscalls_a64.o)
                0x0000000000008240                _utee_unmask_cancellation
 .text._utee_mask_cancellation
                0x000000000000824c        0xc /opt/st/stm32mp2/5.0.3-openstlinux-6.6-yocto-scarthgap-mpu-v24.11.06/sysroots/cortexa35-ostl-linux/usr/include/optee/export-user_ta_arm64/lib/libutee.a(utee_syscalls_a64.o)
                0x000000000000824c                _utee_mask_cancellation
 .text._utee_wait
                0x0000000000008258        0xc /opt/st/stm32mp2/5.0.3-openstlinux-6.6-yocto-scarthgap-mpu-v24.11.06/sysroots/cortexa35-ostl-linux/usr/include/optee/export-user_ta_arm64/lib/libutee.a(utee_syscalls_a64.o)
                0x0000000000008258                _utee_wait
 .text._utee_get_time
                0x0000000000008264        0xc /opt/st/stm32mp2/5.0.3-openstlinux-6.6-yocto-scarthgap-mpu-v24.11.06/sysroots/cortexa35-ostl-linux/usr/include/optee/export-user_ta_arm64/lib/libutee.a(utee_syscalls_a64.o)
                0x0000000000008264                _utee_get_time
 .text._utee_set_ta_time
                0x0000000000008270        0xc /opt/st/stm32mp2/5.0.3-openstlinux-6.6-yocto-scarthgap-mpu-v24.11.06/sysroots/cortexa35-ostl-linux/usr/include/optee/export-user_ta_arm64/lib/libutee.a(utee_syscalls_a64.o)
                0x0000000000008270                _utee_set_ta_time
 .text._utee_cryp_state_alloc
                0x000000000000827c        0xc /opt/st/stm32mp2/5.0.3-openstlinux-6.6-yocto-scarthgap-mpu-v24.11.06/sysroots/cortexa35-ostl-linux/usr/include/optee/export-user_ta_arm64/lib/libutee.a(utee_syscalls_a64.o)
                0x000000000000827c                _utee_cryp_state_alloc
 .text._utee_cryp_state_copy
                0x0000000000008288        0xc /opt/st/stm32mp2/5.0.3-openstlinux-6.6-yocto-scarthgap-mpu-v24.11.06/sysroots/cortexa35-ostl-linux/usr/include/optee/export-user_ta_arm64/lib/libutee.a(utee_syscalls_a64.o)
                0x0000000000008288                _utee_cryp_state_copy
 .text._utee_cryp_state_free
                0x0000000000008294        0xc /opt/st/stm32mp2/5.0.3-openstlinux-6.6-yocto-scarthgap-mpu-v24.11.06/sysroots/cortexa35-ostl-linux/usr/include/optee/export-user_ta_arm64/lib/libutee.a(utee_syscalls_a64.o)
                0x0000000000008294                _utee_cryp_state_free
 .text._utee_hash_init
                0x00000000000082a0        0xc /opt/st/stm32mp2/5.0.3-openstlinux-6.6-yocto-scarthgap-mpu-v24.11.06/sysroots/cortexa35-ostl-linux/usr/include/optee/export-user_ta_arm64/lib/libutee.a(utee_syscalls_a64.o)
                0x00000000000082a0                _utee_hash_init
 .text._utee_hash_update
                0x00000000000082ac        0xc /opt/st/stm32mp2/5.0.3-openstlinux-6.6-yocto-scarthgap-mpu-v24.11.06/sysroots/cortexa35-ostl-linux/usr/include/optee/export-user_ta_arm64/lib/libutee.a(utee_syscalls_a64.o)
                0x00000000000082ac                _utee_hash_update
 .text._utee_hash_final
                0x00000000000082b8        0xc /opt/st/stm32mp2/5.0.3-openstlinux-6.6-yocto-scarthgap-mpu-v24.11.06/sysroots/cortexa35-ostl-linux/usr/include/optee/export-user_ta_arm64/lib/libutee.a(utee_syscalls_a64.o)
                0x00000000000082b8                _utee_hash_final
 .text._utee_cipher_init
                0x00000000000082c4        0xc /opt/st/stm32mp2/5.0.3-openstlinux-6.6-yocto-scarthgap-mpu-v24.11.06/sysroots/cortexa35-ostl-linux/usr/include/optee/export-user_ta_arm64/lib/libutee.a(utee_syscalls_a64.o)
                0x00000000000082c4                _utee_cipher_init
 .text._utee_cipher_update
                0x00000000000082d0        0xc /opt/st/stm32mp2/5.0.3-openstlinux-6.6-yocto-scarthgap-mpu-v24.11.06/sysroots/cortexa35-ostl-linux/usr/include/optee/export-user_ta_arm64/lib/libutee.a(utee_syscalls_a64.o)
                0x00000000000082d0                _utee_cipher_update
 .text._utee_cipher_final
                0x00000000000082dc        0xc /opt/st/stm32mp2/5.0.3-openstlinux-6.6-yocto-scarthgap-mpu-v24.11.06/sysroots/cortexa35-ostl-linux/usr/include/optee/export-user_ta_arm64/lib/libutee.a(utee_syscalls_a64.o)
                0x00000000000082dc                _utee_cipher_final
 .text._utee_cryp_obj_get_info
                0x00000000000082e8        0xc /opt/st/stm32mp2/5.0.3-openstlinux-6.6-yocto-scarthgap-mpu-v24.11.06/sysroots/cortexa35-ostl-linux/usr/include/optee/export-user_ta_arm64/lib/libutee.a(utee_syscalls_a64.o)
                0x00000000000082e8                _utee_cryp_obj_get_info
 .text._utee_cryp_obj_restrict_usage
                0x00000000000082f4        0xc /opt/st/stm32mp2/5.0.3-openstlinux-6.6-yocto-scarthgap-mpu-v24.11.06/sysroots/cortexa35-ostl-linux/usr/include/optee/export-user_ta_arm64/lib/libutee.a(utee_syscalls_a64.o)
                0x00000000000082f4                _utee_cryp_obj_restrict_usage
 .text._utee_cryp_obj_get_attr
                0x0000000000008300        0xc /opt/st/stm32mp2/5.0.3-openstlinux-6.6-yocto-scarthgap-mpu-v24.11.06/sysroots/cortexa35-ostl-linux/usr/include/optee/export-user_ta_arm64/lib/libutee.a(utee_syscalls_a64.o)
                0x0000000000008300                _utee_cryp_obj_get_attr
 .text._utee_cryp_obj_alloc
                0x000000000000830c        0xc /opt/st/stm32mp2/5.0.3-openstlinux-6.6-yocto-scarthgap-mpu-v24.11.06/sysroots/cortexa35-ostl-linux/usr/include/optee/export-user_ta_arm64/lib/libutee.a(utee_syscalls_a64.o)
                0x000000000000830c                _utee_cryp_obj_alloc
 .text._utee_cryp_obj_close
                0x0000000000008318        0xc /opt/st/stm32mp2/5.0.3-openstlinux-6.6-yocto-scarthgap-mpu-v24.11.06/sysroots/cortexa35-ostl-linux/usr/include/optee/export-user_ta_arm64/lib/libutee.a(utee_syscalls_a64.o)
                0x0000000000008318                _utee_cryp_obj_close
 .text._utee_cryp_obj_reset
                0x0000000000008324        0xc /opt/st/stm32mp2/5.0.3-openstlinux-6.6-yocto-scarthgap-mpu-v24.11.06/sysroots/cortexa35-ostl-linux/usr/include/optee/export-user_ta_arm64/lib/libutee.a(utee_syscalls_a64.o)
                0x0000000000008324                _utee_cryp_obj_reset
 .text._utee_cryp_obj_populate
                0x0000000000008330        0xc /opt/st/stm32mp2/5.0.3-openstlinux-6.6-yocto-scarthgap-mpu-v24.11.06/sysroots/cortexa35-ostl-linux/usr/include/optee/export-user_ta_arm64/lib/libutee.a(utee_syscalls_a64.o)
                0x0000000000008330                _utee_cryp_obj_populate
 .text._utee_cryp_obj_copy
                0x000000000000833c        0xc /opt/st/stm32mp2/5.0.3-openstlinux-6.6-yocto-scarthgap-mpu-v24.11.06/sysroots/cortexa35-ostl-linux/usr/include/optee/export-user_ta_arm64/lib/libutee.a(utee_syscalls_a64.o)
                0x000000000000833c                _utee_cryp_obj_copy
 .text._utee_cryp_derive_key
                0x0000000000008348        0xc /opt/st/stm32mp2/5.0.3-openstlinux-6.6-yocto-scarthgap-mpu-v24.11.06/sysroots/cortexa35-ostl-linux/usr/include/optee/export-user_ta_arm64/lib/libutee.a(utee_syscalls_a64.o)
                0x0000000000008348                _utee_cryp_derive_key
 .text._utee_cryp_random_number_generate
                0x0000000000008354        0xc /opt/st/stm32mp2/5.0.3-openstlinux-6.6-yocto-scarthgap-mpu-v24.11.06/sysroots/cortexa35-ostl-linux/usr/include/optee/export-user_ta_arm64/lib/libutee.a(utee_syscalls_a64.o)
                0x0000000000008354                _utee_cryp_random_number_generate
 .text._utee_authenc_init
                0x0000000000008360        0xc /opt/st/stm32mp2/5.0.3-openstlinux-6.6-yocto-scarthgap-mpu-v24.11.06/sysroots/cortexa35-ostl-linux/usr/include/optee/export-user_ta_arm64/lib/libutee.a(utee_syscalls_a64.o)
                0x0000000000008360                _utee_authenc_init
 .text._utee_authenc_update_aad
                0x000000000000836c        0xc /opt/st/stm32mp2/5.0.3-openstlinux-6.6-yocto-scarthgap-mpu-v24.11.06/sysroots/cortexa35-ostl-linux/usr/include/optee/export-user_ta_arm64/lib/libutee.a(utee_syscalls_a64.o)
                0x000000000000836c                _utee_authenc_update_aad
 .text._utee_authenc_update_payload
                0x0000000000008378        0xc /opt/st/stm32mp2/5.0.3-openstlinux-6.6-yocto-scarthgap-mpu-v24.11.06/sysroots/cortexa35-ostl-linux/usr/include/optee/export-user_ta_arm64/lib/libutee.a(utee_syscalls_a64.o)
                0x0000000000008378                _utee_authenc_update_payload
 .text._utee_authenc_enc_final
                0x0000000000008384        0xc /opt/st/stm32mp2/5.0.3-openstlinux-6.6-yocto-scarthgap-mpu-v24.11.06/sysroots/cortexa35-ostl-linux/usr/include/optee/export-user_ta_arm64/lib/libutee.a(utee_syscalls_a64.o)
                0x0000000000008384                _utee_authenc_enc_final
 .text._utee_authenc_dec_final
                0x0000000000008390        0xc /opt/st/stm32mp2/5.0.3-openstlinux-6.6-yocto-scarthgap-mpu-v24.11.06/sysroots/cortexa35-ostl-linux/usr/include/optee/export-user_ta_arm64/lib/libutee.a(utee_syscalls_a64.o)
                0x0000000000008390                _utee_authenc_dec_final
 .text._utee_asymm_operate
                0x000000000000839c        0xc /opt/st/stm32mp2/5.0.3-openstlinux-6.6-yocto-scarthgap-mpu-v24.11.06/sysroots/cortexa35-ostl-linux/usr/include/optee/export-user_ta_arm64/lib/libutee.a(utee_syscalls_a64.o)
                0x000000000000839c                _utee_asymm_operate
 .text._utee_asymm_verify
                0x00000000000083a8        0xc /opt/st/stm32mp2/5.0.3-openstlinux-6.6-yocto-scarthgap-mpu-v24.11.06/sysroots/cortexa35-ostl-linux/usr/include/optee/export-user_ta_arm64/lib/libutee.a(utee_syscalls_a64.o)
                0x00000000000083a8                _utee_asymm_verify
 .text._utee_storage_obj_open
                0x00000000000083b4        0xc /opt/st/stm32mp2/5.0.3-openstlinux-6.6-yocto-scarthgap-mpu-v24.11.06/sysroots/cortexa35-ostl-linux/usr/include/optee/export-user_ta_arm64/lib/libutee.a(utee_syscalls_a64.o)
                0x00000000000083b4                _utee_storage_obj_open
 .text._utee_storage_obj_create
                0x00000000000083c0        0xc /opt/st/stm32mp2/5.0.3-openstlinux-6.6-yocto-scarthgap-mpu-v24.11.06/sysroots/cortexa35-ostl-linux/usr/include/optee/export-user_ta_arm64/lib/libutee.a(utee_syscalls_a64.o)
                0x00000000000083c0                _utee_storage_obj_create
 .text._utee_storage_obj_del
                0x00000000000083cc        0xc /opt/st/stm32mp2/5.0.3-openstlinux-6.6-yocto-scarthgap-mpu-v24.11.06/sysroots/cortexa35-ostl-linux/usr/include/optee/export-user_ta_arm64/lib/libutee.a(utee_syscalls_a64.o)
                0x00000000000083cc                _utee_storage_obj_del
 .text._utee_storage_obj_rename
                0x00000000000083d8        0xc /opt/st/stm32mp2/5.0.3-openstlinux-6.6-yocto-scarthgap-mpu-v24.11.06/sysroots/cortexa35-ostl-linux/usr/include/optee/export-user_ta_arm64/lib/libutee.a(utee_syscalls_a64.o)
                0x00000000000083d8                _utee_storage_obj_rename
 .text._utee_storage_alloc_enum
                0x00000000000083e4        0xc /opt/st/stm32mp2/5.0.3-openstlinux-6.6-yocto-scarthgap-mpu-v24.11.06/sysroots/cortexa35-ostl-linux/usr/include/optee/export-user_ta_arm64/lib/libutee.a(utee_syscalls_a64.o)
                0x00000000000083e4                _utee_storage_alloc_enum
 .text._utee_storage_free_enum
                0x00000000000083f0        0xc /opt/st/stm32mp2/5.0.3-openstlinux-6.6-yocto-scarthgap-mpu-v24.11.06/sysroots/cortexa35-ostl-linux/usr/include/optee/export-user_ta_arm64/lib/libutee.a(utee_syscalls_a64.o)
                0x00000000000083f0                _utee_storage_free_enum
 .text._utee_storage_reset_enum
                0x00000000000083fc        0xc /opt/st/stm32mp2/5.0.3-openstlinux-6.6-yocto-scarthgap-mpu-v24.11.06/sysroots/cortexa35-ostl-linux/usr/include/optee/export-user_ta_arm64/lib/libutee.a(utee_syscalls_a64.o)
                0x00000000000083fc                _utee_storage_reset_enum
 .text._utee_storage_start_enum
                0x0000000000008408        0xc /opt/st/stm32mp2/5.0.3-openstlinux-6.6-yocto-scarthgap-mpu-v24.11.06/sysroots/cortexa35-ostl-linux/usr/include/optee/export-user_ta_arm64/lib/libutee.a(utee_syscalls_a64.o)
                0x0000000000008408                _utee_storage_start_enum
 .text._utee_storage_next_enum
                0x0000000000008414        0xc /opt/st/stm32mp2/5.0.3-openstlinux-6.6-yocto-scarthgap-mpu-v24.11.06/sysroots/cortexa35-ostl-linux/usr/include/optee/export-user_ta_arm64/lib/libutee.a(utee_syscalls_a64.o)
                0x0000000000008414                _utee_storage_next_enum
 .text._utee_storage_obj_read
                0x0000000000008420        0xc /opt/st/stm32mp2/5.0.3-openstlinux-6.6-yocto-scarthgap-mpu-v24.11.06/sysroots/cortexa35-ostl-linux/usr/include/optee/export-user_ta_arm64/lib/libutee.a(utee_syscalls_a64.o)
                0x0000000000008420                _utee_storage_obj_read
 .text._utee_storage_obj_write
                0x000000000000842c        0xc /opt/st/stm32mp2/5.0.3-openstlinux-6.6-yocto-scarthgap-mpu-v24.11.06/sysroots/cortexa35-ostl-linux/usr/include/optee/export-user_ta_arm64/lib/libutee.a(utee_syscalls_a64.o)
                0x000000000000842c                _utee_storage_obj_write
 .text._utee_storage_obj_trunc
                0x0000000000008438        0xc /opt/st/stm32mp2/5.0.3-openstlinux-6.6-yocto-scarthgap-mpu-v24.11.06/sysroots/cortexa35-ostl-linux/usr/include/optee/export-user_ta_arm64/lib/libutee.a(utee_syscalls_a64.o)
                0x0000000000008438                _utee_storage_obj_trunc
 .text._utee_storage_obj_seek
                0x0000000000008444        0xc /opt/st/stm32mp2/5.0.3-openstlinux-6.6-yocto-scarthgap-mpu-v24.11.06/sysroots/cortexa35-ostl-linux/usr/include/optee/export-user_ta_arm64/lib/libutee.a(utee_syscalls_a64.o)
                0x0000000000008444                _utee_storage_obj_seek
 .text._utee_cryp_obj_generate_key
                0x0000000000008450        0xc /opt/st/stm32mp2/5.0.3-openstlinux-6.6-yocto-scarthgap-mpu-v24.11.06/sysroots/cortexa35-ostl-linux/usr/include/optee/export-user_ta_arm64/lib/libutee.a(utee_syscalls_a64.o)
                0x0000000000008450                _utee_cryp_obj_generate_key
 .text._utee_cache_operation
                0x000000000000845c        0xc /opt/st/stm32mp2/5.0.3-openstlinux-6.6-yocto-scarthgap-mpu-v24.11.06/sysroots/cortexa35-ostl-linux/usr/include/optee/export-user_ta_arm64/lib/libutee.a(utee_syscalls_a64.o)
                0x000000000000845c                _utee_cache_operation
 .text.unlikely
                0x0000000000008468       0x20 /opt/st/stm32mp2/5.0.3-openstlinux-6.6-yocto-scarthgap-mpu-v24.11.06/sysroots/cortexa35-ostl-linux/usr/include/optee/export-user_ta_arm64/lib/libutee.a(abort.o)
                0x0000000000008468                abort
 .text          0x0000000000008488       0x58 /opt/st/stm32mp2/5.0.3-openstlinux-6.6-yocto-scarthgap-mpu-v24.11.06/sysroots/cortexa35-ostl-linux/usr/include/optee/export-user_ta_arm64/lib/libutee.a(assert.o)
                0x0000000000008488                _assert_log
                0x00000000000084cc                _assert_break
 .text          0x00000000000084e0     0x10f0 /opt/st/stm32mp2/5.0.3-openstlinux-6.6-yocto-scarthgap-mpu-v24.11.06/sysroots/cortexa35-ostl-linux/usr/include/optee/export-user_ta_arm64/lib/libutee.a(tee_api.o)
                0x0000000000008888                TEE_CloseTASession
                0x00000000000088b0                TEE_GetCancellationFlag
                0x0000000000008918                TEE_UnmaskCancellation
                0x0000000000008980                TEE_MaskCancellation
                0x00000000000089e8                TEE_CheckMemoryAccessRights
                0x0000000000008c14                TEE_OpenTASession
                0x0000000000008d70                __GP11_TEE_OpenTASession
                0x0000000000008ebc                TEE_InvokeTACommand
                0x0000000000009048                __GP11_TEE_InvokeTACommand
                0x00000000000091c4                __GP11_TEE_CheckMemoryAccessRights
                0x00000000000091cc                TEE_SetInstanceData
                0x00000000000091d8                TEE_GetInstanceData
                0x00000000000091e4                TEE_MemMove
                0x00000000000091e8                __GP11_TEE_MemMove
                0x00000000000091f0                TEE_MemCompare
                0x00000000000091f4                __GP11_TEE_MemCompare
                0x00000000000091fc                TEE_MemFill
                0x0000000000009200                __GP11_TEE_MemFill
                0x0000000000009208                TEE_GetSystemTime
                0x0000000000009230                TEE_Wait
                0x000000000000926c                TEE_GetTAPersistentTime
                0x00000000000092e4                TEE_SetTAPersistentTime
                0x0000000000009328                TEE_GetREETime
                0x0000000000009350                TEE_Malloc
                0x0000000000009460                __GP11_TEE_Malloc
                0x0000000000009468                TEE_Free
                0x00000000000094c4                TEE_Realloc
                0x00000000000095b0                __GP11_TEE_Realloc
                0x00000000000095b8                TEE_CacheClean
                0x00000000000095c0                TEE_CacheFlush
                0x00000000000095c8                TEE_CacheInvalidate
 .text          0x00000000000095d0     0x222c /opt/st/stm32mp2/5.0.3-openstlinux-6.6-yocto-scarthgap-mpu-v24.11.06/sysroots/cortexa35-ostl-linux/usr/include/optee/export-user_ta_arm64/lib/libutee.a(tee_api_arith_mpi.o)
                0x0000000000009e34                _TEE_MathAPI_Init
                0x0000000000009e84                TEE_BigIntInit
                0x0000000000009ee4                __GP11_TEE_BigIntInit
                0x0000000000009eec                TEE_BigIntConvertFromOctetString
                0x0000000000009fbc                __GP11_TEE_BigIntConvertFromOctetString
                0x0000000000009fc4                TEE_BigIntConvertToOctetString
                0x000000000000a094                __GP11_TEE_BigIntConvertToOctetString
                0x000000000000a100                TEE_BigIntConvertFromS32
                0x000000000000a1bc                TEE_BigIntConvertToS32
                0x000000000000a27c                TEE_BigIntCmp
                0x000000000000a31c                TEE_BigIntCmpS32
                0x000000000000a588                TEE_BigIntShiftRight
                0x000000000000a730                __GP11_TEE_BigIntShiftRight
                0x000000000000a738                TEE_BigIntGetBit
                0x000000000000a7c4                TEE_BigIntGetBitCount
                0x000000000000a844                TEE_BigIntSetBit
                0x000000000000a8fc                TEE_BigIntAssign
                0x000000000000a94c                TEE_BigIntAbs
                0x000000000000a978                TEE_BigIntAdd
                0x000000000000a984                TEE_BigIntSub
                0x000000000000a990                TEE_BigIntNeg
                0x000000000000aa7c                TEE_BigIntMul
                0x000000000000ab98                TEE_BigIntSquare
                0x000000000000aba0                TEE_BigIntDiv
                0x000000000000ad5c                TEE_BigIntMod
                0x000000000000adc8                TEE_BigIntAddMod
                0x000000000000add4                TEE_BigIntSubMod
                0x000000000000ade0                TEE_BigIntMulMod
                0x000000000000adec                TEE_BigIntSquareMod
                0x000000000000adf8                TEE_BigIntInvMod
                0x000000000000af50                TEE_BigIntRelativePrime
                0x000000000000b060                TEE_BigIntExpMod
                0x000000000000b248                TEE_BigIntComputeExtendedGcd
                0x000000000000b4c0                TEE_BigIntIsProbablePrime
                0x000000000000b560                TEE_BigIntInitFMM
                0x000000000000b564                __GP11_TEE_BigIntInitFMM
                0x000000000000b56c                TEE_BigIntInitFMMContext
                0x000000000000b570                __GP11_TEE_BigIntInitFMMContext
                0x000000000000b578                TEE_BigIntInitFMMContext1
                0x000000000000b580                TEE_BigIntFMMSizeInU32
                0x000000000000b590                __GP11_TEE_BigIntFMMSizeInU32
                0x000000000000b5a8                TEE_BigIntFMMContextSizeInU32
                0x000000000000b5b0                __GP11_TEE_BigIntFMMContextSizeInU32
                0x000000000000b5c8                TEE_BigIntConvertToFMM
                0x000000000000b5cc                TEE_BigIntConvertFromFMM
                0x000000000000b6a8                TEE_BigIntComputeFMM
 .text          0x000000000000b7fc     0x103c /opt/st/stm32mp2/5.0.3-openstlinux-6.6-yocto-scarthgap-mpu-v24.11.06/sysroots/cortexa35-ostl-linux/usr/include/optee/export-user_ta_arm64/lib/libutee.a(tee_api_property.o)
                0x000000000000bbe8                TEE_GetPropertyAsString
                0x000000000000be58                __GP11_TEE_GetPropertyAsString
                0x000000000000befc                TEE_GetPropertyAsBool
                0x000000000000bfd8                TEE_GetPropertyAsU32
                0x000000000000c0c4                TEE_GetPropertyAsU64
                0x000000000000c1b0                __GP11_TEE_GetPropertyAsBinaryBlock
                0x000000000000c2a0                TEE_GetPropertyAsBinaryBlock
                0x000000000000c344                TEE_GetPropertyAsUUID
                0x000000000000c430                TEE_GetPropertyAsIdentity
                0x000000000000c51c                TEE_ResetPropertyEnumerator
                0x000000000000c528                TEE_AllocatePropertyEnumerator
                0x000000000000c570                TEE_FreePropertyEnumerator
                0x000000000000c574                TEE_StartPropertyEnumerator
                0x000000000000c584                __GP11_TEE_GetPropertyName
                0x000000000000c6bc                TEE_GetPropertyName
                0x000000000000c750                TEE_GetNextProperty
 .text          0x000000000000c838      0x2f0 /opt/st/stm32mp2/5.0.3-openstlinux-6.6-yocto-scarthgap-mpu-v24.11.06/sysroots/cortexa35-ostl-linux/usr/include/optee/export-user_ta_arm64/lib/libutee.a(tee_system_pta.o)
                0x000000000000c8bc                tee_map_zi
                0x000000000000c970                tee_unmap
                0x000000000000ca38                tee_invoke_supp_plugin
 .text          0x000000000000cb28      0x34c /opt/st/stm32mp2/5.0.3-openstlinux-6.6-yocto-scarthgap-mpu-v24.11.06/sysroots/cortexa35-ostl-linux/usr/include/optee/export-user_ta_arm64/lib/libutee.a(tcb.o)
                0x000000000000cb28                __utee_tcb_init
                0x000000000000cd68                __tls_get_addr
                0x000000000000cd84                dl_iterate_phdr
 .text          0x000000000000ce74      0x258 /opt/st/stm32mp2/5.0.3-openstlinux-6.6-yocto-scarthgap-mpu-v24.11.06/sysroots/cortexa35-ostl-linux/usr/include/optee/export-user_ta_arm64/lib/libutee.a(base64.o)
                0x000000000000ce74                _base64_enc_len
                0x000000000000ce8c                _base64_enc
                0x000000000000cfa0                _base64_dec
 .text          0x000000000000d0cc     0x3690 /opt/st/stm32mp2/5.0.3-openstlinux-6.6-yocto-scarthgap-mpu-v24.11.06/sysroots/cortexa35-ostl-linux/usr/include/optee/export-user_ta_arm64/lib/libmbedtls.a(bignum.o)
                0x000000000000d228                mbedtls_mpi_init
                0x000000000000d23c                mbedtls_mpi_init_mempool
                0x000000000000d264                mbedtls_mpi_free
                0x000000000000d2d0                mbedtls_mpi_grow
                0x000000000000d428                mbedtls_mpi_shrink
                0x000000000000d540                mbedtls_mpi_copy
                0x000000000000d60c                mbedtls_mpi_swap
                0x000000000000d6a0                mbedtls_mpi_lset
                0x000000000000d70c                mbedtls_mpi_get_bit
                0x000000000000d738                mbedtls_mpi_set_bit
                0x000000000000d7c4                mbedtls_mpi_lsb
                0x000000000000d824                mbedtls_mpi_bitlen
                0x000000000000d82c                mbedtls_mpi_size
                0x000000000000d848                mbedtls_mpi_read_binary_le
                0x000000000000d8a4                mbedtls_mpi_read_binary
                0x000000000000d900                mbedtls_mpi_write_binary_le
                0x000000000000d910                mbedtls_mpi_write_binary
                0x000000000000d920                mbedtls_mpi_shift_l
                0x000000000000da30                mbedtls_mpi_shift_r
                0x000000000000da60                mbedtls_mpi_cmp_abs
                0x000000000000daf8                mbedtls_mpi_cmp_mpi
                0x000000000000dbcc                mbedtls_mpi_cmp_int
                0x000000000000dc50                mbedtls_mpi_add_abs
                0x000000000000dd48                mbedtls_mpi_sub_abs
                0x000000000000df04                mbedtls_mpi_add_mpi
                0x000000000000df0c                mbedtls_mpi_sub_mpi
                0x000000000000df14                mbedtls_mpi_add_int
                0x000000000000df98                mbedtls_mpi_sub_int
                0x000000000000e01c                mbedtls_mpi_mul_mpi
                0x000000000000e1d0                mbedtls_mpi_mul_int
                0x000000000000e284                mbedtls_mpi_read_string
                0x000000000000e494                mbedtls_mpi_div_mpi
                0x000000000000e97c                mbedtls_mpi_div_int
                0x000000000000ea00                mbedtls_mpi_mod_mpi
                0x000000000000eab4                mbedtls_mpi_mod_int
                0x000000000000eb4c                mbedtls_mpi_write_string
                0x000000000000ee94                mbedtls_mpi_montg_init
                0x000000000000eebc                mbedtls_mpi_montmul
                0x000000000000eec8                mbedtls_mpi_montred
                0x000000000000eecc                mbedtls_mpi_exp_mod
                0x000000000000f528                mbedtls_mpi_gcd
                0x000000000000f708                mbedtls_mpi_fill_random
                0x000000000000fa1c                mbedtls_mpi_random
                0x000000000000fab0                mbedtls_mpi_inv_mod
                0x000000000000ff10                mbedtls_mpi_is_prime_ext
                0x0000000000010000                mbedtls_mpi_gen_prime
                0x000000000001034c                mbedtls_mpi_self_test
 .text          0x000000000001075c      0xe14 /opt/st/stm32mp2/5.0.3-openstlinux-6.6-yocto-scarthgap-mpu-v24.11.06/sysroots/cortexa35-ostl-linux/usr/include/optee/export-user_ta_arm64/lib/libmbedtls.a(bignum_core.o)
                0x000000000001075c                mbedtls_mpi_core_clz
                0x0000000000010790                mbedtls_mpi_core_bitlen
                0x00000000000107e4                mbedtls_mpi_core_bigendian_to_host
                0x0000000000010818                mbedtls_mpi_core_uint_le_mpi
                0x000000000001087c                mbedtls_mpi_core_cond_assign
                0x00000000000108a0                mbedtls_mpi_core_cond_swap
                0x000000000001091c                mbedtls_mpi_core_read_le
                0x00000000000109a8                mbedtls_mpi_core_read_be
                0x0000000000010a38                mbedtls_mpi_core_write_le
                0x0000000000010ae4                mbedtls_mpi_core_write_be
                0x0000000000010b9c                mbedtls_mpi_core_shift_r
                0x0000000000010c3c                mbedtls_mpi_core_add
                0x0000000000010c78                mbedtls_mpi_core_add_if
                0x0000000000010ce8                mbedtls_mpi_core_sub
                0x0000000000010d2c                mbedtls_mpi_core_mla
                0x0000000000010ef8                mbedtls_mpi_core_montmul_init
                0x0000000000010f2c                mbedtls_mpi_core_montmul
                0x0000000000011024                mbedtls_mpi_core_get_mont_r2_unsafe
                0x000000000001108c                mbedtls_mpi_core_fill_random
                0x000000000001113c                mbedtls_mpi_core_random
                0x000000000001122c                mbedtls_mpi_core_exp_mod_working_limbs
                0x0000000000011254                mbedtls_mpi_core_exp_mod
                0x0000000000011488                mbedtls_mpi_core_sub_int
                0x00000000000114b8                mbedtls_mpi_core_check_zero_ct
                0x00000000000114e0                mbedtls_mpi_core_to_mont_rep
                0x00000000000114fc                mbedtls_mpi_core_from_mont_rep
 .text          0x0000000000011570      0x768 /opt/st/stm32mp2/5.0.3-openstlinux-6.6-yocto-scarthgap-mpu-v24.11.06/sysroots/cortexa35-ostl-linux/usr/include/optee/export-user_ta_arm64/lib/libmbedtls.a(constant_time.o)
                0x0000000000011590                mbedtls_ct_memcmp
                0x00000000000115c4                mbedtls_ct_uint_mask
                0x00000000000115d4                mbedtls_ct_mpi_uint_mask
                0x00000000000115e4                mbedtls_ct_size_bool_eq
                0x00000000000115fc                mbedtls_ct_mpi_uint_lt
                0x0000000000011618                mbedtls_ct_uint_if
                0x0000000000011648                mbedtls_ct_mpi_uint_cond_assign
                0x0000000000011684                mbedtls_ct_base64_enc_char
                0x0000000000011738                mbedtls_ct_base64_dec_value
                0x00000000000117f4                mbedtls_mpi_safe_cond_assign
                0x00000000000118b0                mbedtls_mpi_safe_cond_swap
                0x0000000000011968                mbedtls_mpi_core_lt_ct
                0x00000000000119e8                mbedtls_mpi_lt_mpi_ct
                0x0000000000011ae4                mbedtls_ct_rsaes_pkcs1_v15_unpadding
 .text          0x0000000000011cd8      0x234 /opt/st/stm32mp2/5.0.3-openstlinux-6.6-yocto-scarthgap-mpu-v24.11.06/sysroots/cortexa35-ostl-linux/usr/include/optee/export-user_ta_arm64/lib/libmbedtls.a(platform_util.o)
                0x0000000000011cd8                mbedtls_get_unaligned_uint16
                0x0000000000011d34                mbedtls_put_unaligned_uint16
                0x0000000000011d4c                mbedtls_get_unaligned_uint32
                0x0000000000011db0                mbedtls_put_unaligned_uint32
                0x0000000000011dd0                mbedtls_get_unaligned_uint64
                0x0000000000011e34                mbedtls_put_unaligned_uint64
                0x0000000000011e54                mbedtls_xor
                0x0000000000011eec                mbedtls_platform_zeroize
 .text          0x0000000000011f0c     0x12f0 /opt/st/stm32mp2/5.0.3-openstlinux-6.6-yocto-scarthgap-mpu-v24.11.06/sysroots/cortexa35-ostl-linux/usr/include/optee/export-user_ta_arm64/lib/libutils.a(bget_malloc.o)
                0x0000000000011f68                bget
                0x000000000001224c                bgetz
                0x00000000000122d4                brel
                0x0000000000012598                bgetr
                0x0000000000012668                bpool
                0x0000000000012738                bstats
                0x000000000001285c                bget_main_test
                0x0000000000012b30                malloc_reset_stats
                0x0000000000012b48                raw_memalign
                0x0000000000012bec                raw_malloc
                0x0000000000012bfc                raw_free
                0x0000000000012c0c                raw_calloc
                0x0000000000012ca8                raw_realloc
                0x0000000000012dc8                malloc
                0x0000000000012de4                calloc
                0x0000000000012e04                realloc
                0x0000000000012e20                memalign
                0x0000000000012e40                aligned_alloc
                0x0000000000012e58                free
                0x0000000000012e6c                free_wipe
                0x0000000000012e80                raw_malloc_get_ctx_size
                0x0000000000012e88                raw_malloc_init_ctx
                0x0000000000012eb4                raw_malloc_add_pool
                0x0000000000012f88                raw_malloc_buffer_overlaps_heap
                0x0000000000013010                raw_malloc_buffer_is_within_alloced
                0x0000000000013164                raw_malloc_get_stats
                0x00000000000131a0                malloc_get_stats
                0x00000000000131b4                malloc_add_pool
                0x00000000000131cc                malloc_buffer_is_within_alloced
                0x00000000000131e4                malloc_buffer_overlaps_heap
 .text          0x00000000000131fc      0x134 /opt/st/stm32mp2/5.0.3-openstlinux-6.6-yocto-scarthgap-mpu-v24.11.06/sysroots/cortexa35-ostl-linux/usr/include/optee/export-user_ta_arm64/lib/libutils.a(snprintf.o)
                0x00000000000131fc                snprintf
                0x00000000000132d8                vsnprintf
 .text          0x0000000000013330       0x58 /opt/st/stm32mp2/5.0.3-openstlinux-6.6-yocto-scarthgap-mpu-v24.11.06/sysroots/cortexa35-ostl-linux/usr/include/optee/export-user_ta_arm64/lib/libutils.a(memmove.o)
                0x0000000000013330                memmove
 .text          0x0000000000013388       0x1c /opt/st/stm32mp2/5.0.3-openstlinux-6.6-yocto-scarthgap-mpu-v24.11.06/sysroots/cortexa35-ostl-linux/usr/include/optee/export-user_ta_arm64/lib/libutils.a(memset.o)
                0x0000000000013388                memset
 .text          0x00000000000133a4       0x24 /opt/st/stm32mp2/5.0.3-openstlinux-6.6-yocto-scarthgap-mpu-v24.11.06/sysroots/cortexa35-ostl-linux/usr/include/optee/export-user_ta_arm64/lib/libutils.a(strcmp.o)
                0x00000000000133a4                strcmp
 .text          0x00000000000133c8       0x38 /opt/st/stm32mp2/5.0.3-openstlinux-6.6-yocto-scarthgap-mpu-v24.11.06/sysroots/cortexa35-ostl-linux/usr/include/optee/export-user_ta_arm64/lib/libutils.a(strlcpy.o)
                0x00000000000133c8                strlcpy
 .text          0x0000000000013400      0x198 /opt/st/stm32mp2/5.0.3-openstlinux-6.6-yocto-scarthgap-mpu-v24.11.06/sysroots/cortexa35-ostl-linux/usr/include/optee/export-user_ta_arm64/lib/libutils.a(mempool.o)
                0x0000000000013400                mempool_alloc_pool
                0x00000000000134c8                mempool_alloc
                0x000000000001352c                mempool_calloc
                0x000000000001357c                mempool_free
 .text          0x0000000000013598       0x70 /opt/st/stm32mp2/5.0.3-openstlinux-6.6-yocto-scarthgap-mpu-v24.11.06/sysroots/cortexa35-ostl-linux/usr/include/optee/export-user_ta_arm64/lib/libutils.a(consttime_memcmp.o)
                0x0000000000013598                consttime_memcmp
 .text          0x0000000000013608        0x0 /opt/st/stm32mp2/5.0.3-openstlinux-6.6-yocto-scarthgap-mpu-v24.11.06/sysroots/cortexa35-ostl-linux/usr/include/optee/export-user_ta_arm64/lib/libutee.a(utee_syscalls_a64.o)
 .text          0x0000000000013608        0x0 /opt/st/stm32mp2/5.0.3-openstlinux-6.6-yocto-scarthgap-mpu-v24.11.06/sysroots/cortexa35-ostl-linux/usr/include/optee/export-user_ta_arm64/lib/libutee.a(abort.o)
 *(SORT_BY_ALIGNMENT(.stub))
 *(SORT_BY_ALIGNMENT(.glue_7))
 *(SORT_BY_ALIGNMENT(.glue_7t))
 *(SORT_BY_ALIGNMENT(.gnu.linkonce.t.*))
 *(SORT_BY_ALIGNMENT(.vfp11_veneer))
                0x0000000000013608                __text_end = .

.note.gnu.property
 *(SORT_BY_ALIGNMENT(.note.gnu.property))

.plt            0x0000000000013608        0x0
 *(SORT_BY_ALIGNMENT(.plt))
 .plt           0x0000000000013608        0x0 ./ta_rsa_encrypt.o

.eh_frame_hdr
 *(SORT_BY_ALIGNMENT(.eh_frame_hdr))
 *(SORT_BY_ALIGNMENT(.eh_frame_entry) SORT_BY_ALIGNMENT(.eh_frame_entry.*))

.eh_frame       0x0000000000013608     0x40bc
 *(SORT_BY_ALIGNMENT(.eh_frame))
 .eh_frame      0x0000000000013608       0xc8 ./ta_rsa_encrypt.o
 .eh_frame      0x00000000000136d0       0x30 ./user_ta_header.o
                                         0x40 (size before relaxing)
 .eh_frame      0x0000000000013700       0x18 /opt/st/stm32mp2/5.0.3-openstlinux-6.6-yocto-scarthgap-mpu-v24.11.06/sysroots/cortexa35-ostl-linux/usr/include/optee/export-user_ta_arm64/lib/libutils.a(stack_check.o)
                                         0x30 (size before relaxing)
 .eh_frame      0x0000000000013718       0xb8 /opt/st/stm32mp2/5.0.3-openstlinux-6.6-yocto-scarthgap-mpu-v24.11.06/sysroots/cortexa35-ostl-linux/usr/include/optee/export-user_ta_arm64/lib/libutils.a(trace.o)
                                         0xc8 (size before relaxing)
 .eh_frame      0x00000000000137d0       0x18 /opt/st/stm32mp2/5.0.3-openstlinux-6.6-yocto-scarthgap-mpu-v24.11.06/sysroots/cortexa35-ostl-linux/usr/include/optee/export-user_ta_arm64/lib/libutils.a(memcpy.o)
                                         0x28 (size before relaxing)
 .eh_frame      0x00000000000137e8       0xf0 /opt/st/stm32mp2/5.0.3-openstlinux-6.6-yocto-scarthgap-mpu-v24.11.06/sysroots/cortexa35-ostl-linux/usr/include/optee/export-user_ta_arm64/lib/libutils.a(snprintk.o)
                                        0x108 (size before relaxing)
 .eh_frame      0x00000000000138d8       0x18 /opt/st/stm32mp2/5.0.3-openstlinux-6.6-yocto-scarthgap-mpu-v24.11.06/sysroots/cortexa35-ostl-linux/usr/include/optee/export-user_ta_arm64/lib/libutils.a(memchr.o)
                                         0x28 (size before relaxing)
 .eh_frame      0x00000000000138f0       0x18 /opt/st/stm32mp2/5.0.3-openstlinux-6.6-yocto-scarthgap-mpu-v24.11.06/sysroots/cortexa35-ostl-linux/usr/include/optee/export-user_ta_arm64/lib/libutils.a(strlen.o)
                                         0x28 (size before relaxing)
 .eh_frame      0x0000000000013908       0xa8 /opt/st/stm32mp2/5.0.3-openstlinux-6.6-yocto-scarthgap-mpu-v24.11.06/sysroots/cortexa35-ostl-linux/usr/include/optee/export-user_ta_arm64/lib/libutee.a(trace_ext.o)
                                         0xc0 (size before relaxing)
 .eh_frame      0x00000000000139b0      0x778 /opt/st/stm32mp2/5.0.3-openstlinux-6.6-yocto-scarthgap-mpu-v24.11.06/sysroots/cortexa35-ostl-linux/usr/include/optee/export-user_ta_arm64/lib/libutee.a(tee_api_objects.o)
                                        0x788 (size before relaxing)
 .eh_frame      0x0000000000014128      0xb00 /opt/st/stm32mp2/5.0.3-openstlinux-6.6-yocto-scarthgap-mpu-v24.11.06/sysroots/cortexa35-ostl-linux/usr/include/optee/export-user_ta_arm64/lib/libutee.a(tee_api_operations.o)
                                        0xb10 (size before relaxing)
 .eh_frame      0x0000000000014c28      0x180 /opt/st/stm32mp2/5.0.3-openstlinux-6.6-yocto-scarthgap-mpu-v24.11.06/sysroots/cortexa35-ostl-linux/usr/include/optee/export-user_ta_arm64/lib/libutee.a(tee_api_panic.o)
                                        0x190 (size before relaxing)
 .eh_frame      0x0000000000014da8      0x150 /opt/st/stm32mp2/5.0.3-openstlinux-6.6-yocto-scarthgap-mpu-v24.11.06/sysroots/cortexa35-ostl-linux/usr/include/optee/export-user_ta_arm64/lib/libutee.a(user_ta_entry.o)
                                        0x168 (size before relaxing)
 .eh_frame      0x0000000000014ef8       0x18 /opt/st/stm32mp2/5.0.3-openstlinux-6.6-yocto-scarthgap-mpu-v24.11.06/sysroots/cortexa35-ostl-linux/usr/include/optee/export-user_ta_arm64/lib/libutee.a(abort.o)
                                         0x30 (size before relaxing)
 .eh_frame      0x0000000000014f10       0x38 /opt/st/stm32mp2/5.0.3-openstlinux-6.6-yocto-scarthgap-mpu-v24.11.06/sysroots/cortexa35-ostl-linux/usr/include/optee/export-user_ta_arm64/lib/libutee.a(assert.o)
                                         0x50 (size before relaxing)
 .eh_frame      0x0000000000014f48      0x590 /opt/st/stm32mp2/5.0.3-openstlinux-6.6-yocto-scarthgap-mpu-v24.11.06/sysroots/cortexa35-ostl-linux/usr/include/optee/export-user_ta_arm64/lib/libutee.a(tee_api.o)
                                        0x5a8 (size before relaxing)
 .eh_frame      0x00000000000154d8      0x7f8 /opt/st/stm32mp2/5.0.3-openstlinux-6.6-yocto-scarthgap-mpu-v24.11.06/sysroots/cortexa35-ostl-linux/usr/include/optee/export-user_ta_arm64/lib/libutee.a(tee_api_arith_mpi.o)
                                        0x808 (size before relaxing)
 .eh_frame      0x0000000000015cd0      0x328 /opt/st/stm32mp2/5.0.3-openstlinux-6.6-yocto-scarthgap-mpu-v24.11.06/sysroots/cortexa35-ostl-linux/usr/include/optee/export-user_ta_arm64/lib/libutee.a(tee_api_property.o)
                                        0x338 (size before relaxing)
 .eh_frame      0x0000000000015ff8       0xb8 /opt/st/stm32mp2/5.0.3-openstlinux-6.6-yocto-scarthgap-mpu-v24.11.06/sysroots/cortexa35-ostl-linux/usr/include/optee/export-user_ta_arm64/lib/libutee.a(tee_system_pta.o)
                                         0xc8 (size before relaxing)
 .eh_frame      0x00000000000160b0       0x90 /opt/st/stm32mp2/5.0.3-openstlinux-6.6-yocto-scarthgap-mpu-v24.11.06/sysroots/cortexa35-ostl-linux/usr/include/optee/export-user_ta_arm64/lib/libutee.a(tcb.o)
                                         0xa8 (size before relaxing)
 .eh_frame      0x0000000000016140       0x58 /opt/st/stm32mp2/5.0.3-openstlinux-6.6-yocto-scarthgap-mpu-v24.11.06/sysroots/cortexa35-ostl-linux/usr/include/optee/export-user_ta_arm64/lib/libutee.a(base64.o)
                                         0x70 (size before relaxing)
 .eh_frame      0x0000000000016198      0x918 /opt/st/stm32mp2/5.0.3-openstlinux-6.6-yocto-scarthgap-mpu-v24.11.06/sysroots/cortexa35-ostl-linux/usr/include/optee/export-user_ta_arm64/lib/libmbedtls.a(bignum.o)
                                        0x930 (size before relaxing)
 .eh_frame      0x0000000000016ab0      0x3a8 /opt/st/stm32mp2/5.0.3-openstlinux-6.6-yocto-scarthgap-mpu-v24.11.06/sysroots/cortexa35-ostl-linux/usr/include/optee/export-user_ta_arm64/lib/libmbedtls.a(bignum_core.o)
                                        0x3c0 (size before relaxing)
 .eh_frame      0x0000000000016e58      0x210 /opt/st/stm32mp2/5.0.3-openstlinux-6.6-yocto-scarthgap-mpu-v24.11.06/sysroots/cortexa35-ostl-linux/usr/include/optee/export-user_ta_arm64/lib/libmbedtls.a(constant_time.o)
                                        0x228 (size before relaxing)
 .eh_frame      0x0000000000017068      0x110 /opt/st/stm32mp2/5.0.3-openstlinux-6.6-yocto-scarthgap-mpu-v24.11.06/sysroots/cortexa35-ostl-linux/usr/include/optee/export-user_ta_arm64/lib/libmbedtls.a(platform_util.o)
                                        0x128 (size before relaxing)
 .eh_frame      0x0000000000017178      0x3f0 /opt/st/stm32mp2/5.0.3-openstlinux-6.6-yocto-scarthgap-mpu-v24.11.06/sysroots/cortexa35-ostl-linux/usr/include/optee/export-user_ta_arm64/lib/libutils.a(bget_malloc.o)
                                        0x400 (size before relaxing)
 .eh_frame      0x0000000000017568       0x58 /opt/st/stm32mp2/5.0.3-openstlinux-6.6-yocto-scarthgap-mpu-v24.11.06/sysroots/cortexa35-ostl-linux/usr/include/optee/export-user_ta_arm64/lib/libutils.a(snprintf.o)
                                         0x70 (size before relaxing)
 .eh_frame      0x00000000000175c0       0x18 /opt/st/stm32mp2/5.0.3-openstlinux-6.6-yocto-scarthgap-mpu-v24.11.06/sysroots/cortexa35-ostl-linux/usr/include/optee/export-user_ta_arm64/lib/libutils.a(memmove.o)
                                         0x28 (size before relaxing)
 .eh_frame      0x00000000000175d8       0x18 /opt/st/stm32mp2/5.0.3-openstlinux-6.6-yocto-scarthgap-mpu-v24.11.06/sysroots/cortexa35-ostl-linux/usr/include/optee/export-user_ta_arm64/lib/libutils.a(memset.o)
                                         0x28 (size before relaxing)
 .eh_frame      0x00000000000175f0       0x18 /opt/st/stm32mp2/5.0.3-openstlinux-6.6-yocto-scarthgap-mpu-v24.11.06/sysroots/cortexa35-ostl-linux/usr/include/optee/export-user_ta_arm64/lib/libutils.a(strcmp.o)
                                         0x28 (size before relaxing)
 .eh_frame      0x0000000000017608       0x18 /opt/st/stm32mp2/5.0.3-openstlinux-6.6-yocto-scarthgap-mpu-v24.11.06/sysroots/cortexa35-ostl-linux/usr/include/optee/export-user_ta_arm64/lib/libutils.a(strlcpy.o)
                                         0x28 (size before relaxing)
 .eh_frame      0x0000000000017620       0x88 /opt/st/stm32mp2/5.0.3-openstlinux-6.6-yocto-scarthgap-mpu-v24.11.06/sysroots/cortexa35-ostl-linux/usr/include/optee/export-user_ta_arm64/lib/libutils.a(mempool.o)
                                         0xa0 (size before relaxing)
 .eh_frame      0x00000000000176a8       0x1c /opt/st/stm32mp2/5.0.3-openstlinux-6.6-yocto-scarthgap-mpu-v24.11.06/sysroots/cortexa35-ostl-linux/usr/include/optee/export-user_ta_arm64/lib/libutils.a(consttime_memcmp.o)
                                         0x30 (size before relaxing)
 *(SORT_BY_ALIGNMENT(.eh_frame.*))

.gcc_except_table
 *(SORT_BY_ALIGNMENT(.gcc_except_table) SORT_BY_ALIGNMENT(.gcc_except_table.*))

.rodata         0x00000000000176c8     0x16bc
 *(SORT_BY_ALIGNMENT(.gnu.linkonce.r.*))
 *(SORT_BY_ALIGNMENT(.rodata) SORT_BY_ALIGNMENT(.rodata.*))
 .rodata.user_ta_header.c
                0x00000000000176c8       0x33 ./user_ta_header.o
                0x00000000000176c8                ta_num_props
                0x00000000000176e8                __ta_no_share_heap_size
                0x00000000000176f0                ta_heap_size
                0x00000000000176f8                trace_ext_prefix
 *fill*         0x00000000000176fb        0x5 
 .rodata.lib/libutee/tee_api.c
                0x0000000000017700       0x18 /opt/st/stm32mp2/5.0.3-openstlinux-6.6-yocto-scarthgap-mpu-v24.11.06/sysroots/cortexa35-ostl-linux/usr/include/optee/export-user_ta_arm64/lib/libutee.a(tee_api.o)
 .rodata.lib/libutils/ext/snprintk.c
                0x0000000000017718       0xac /opt/st/stm32mp2/5.0.3-openstlinux-6.6-yocto-scarthgap-mpu-v24.11.06/sysroots/cortexa35-ostl-linux/usr/include/optee/export-user_ta_arm64/lib/libutils.a(snprintk.o)
 .rodata.lib/libutee/tee_api_operations.c
                0x00000000000177c4       0x1c /opt/st/stm32mp2/5.0.3-openstlinux-6.6-yocto-scarthgap-mpu-v24.11.06/sysroots/cortexa35-ostl-linux/usr/include/optee/export-user_ta_arm64/lib/libutee.a(tee_api_operations.o)
 .rodata.lib/libutee/tee_api_property.c
                0x00000000000177e0       0x10 /opt/st/stm32mp2/5.0.3-openstlinux-6.6-yocto-scarthgap-mpu-v24.11.06/sysroots/cortexa35-ostl-linux/usr/include/optee/export-user_ta_arm64/lib/libutee.a(tee_api_property.o)
 .rodata.lib/libutee/tee_system_pta.c
                0x00000000000177f0       0x31 /opt/st/stm32mp2/5.0.3-openstlinux-6.6-yocto-scarthgap-mpu-v24.11.06/sysroots/cortexa35-ostl-linux/usr/include/optee/export-user_ta_arm64/lib/libutee.a(tee_system_pta.o)
 *fill*         0x0000000000017821        0x3 
 .rodata.lib/libmbedtls/mbedtls/library/bignum.c
                0x0000000000017824      0x2c4 /opt/st/stm32mp2/5.0.3-openstlinux-6.6-yocto-scarthgap-mpu-v24.11.06/sysroots/cortexa35-ostl-linux/usr/include/optee/export-user_ta_arm64/lib/libmbedtls.a(bignum.o)
 .rodata.str1.1.ta_rsa_encrypt.c
                0x0000000000017ae8     0x100c ./ta_rsa_encrypt.o
                                        0x22f (size before relaxing)
 .rodata.ta_rsa_encrypt.c
                0x0000000000018af4       0x30 ./ta_rsa_encrypt.o
 .rodata.str1.1.user_ta_header.c
                0x0000000000018b24       0xf0 ./user_ta_header.o
 .rodata.str1.1.lib/libutils/isoc/stack_check.c
                0x0000000000018b24       0x18 /opt/st/stm32mp2/5.0.3-openstlinux-6.6-yocto-scarthgap-mpu-v24.11.06/sysroots/cortexa35-ostl-linux/usr/include/optee/export-user_ta_arm64/lib/libutils.a(stack_check.o)
 .rodata.str1.1.lib/libutils/ext/trace.c
                0x0000000000018b24       0x1b /opt/st/stm32mp2/5.0.3-openstlinux-6.6-yocto-scarthgap-mpu-v24.11.06/sysroots/cortexa35-ostl-linux/usr/include/optee/export-user_ta_arm64/lib/libutils.a(trace.o)
 .rodata.lib/libutils/ext/trace.c
                0x0000000000018b24        0x5 /opt/st/stm32mp2/5.0.3-openstlinux-6.6-yocto-scarthgap-mpu-v24.11.06/sysroots/cortexa35-ostl-linux/usr/include/optee/export-user_ta_arm64/lib/libutils.a(trace.o)
 .rodata.str1.1.lib/libutils/ext/snprintk.c
                0x0000000000018b29       0x38 /opt/st/stm32mp2/5.0.3-openstlinux-6.6-yocto-scarthgap-mpu-v24.11.06/sysroots/cortexa35-ostl-linux/usr/include/optee/export-user_ta_arm64/lib/libutils.a(snprintk.o)
 .rodata.str1.1.lib/libutee/trace_ext.c
                0x0000000000018b29        0x2 /opt/st/stm32mp2/5.0.3-openstlinux-6.6-yocto-scarthgap-mpu-v24.11.06/sysroots/cortexa35-ostl-linux/usr/include/optee/export-user_ta_arm64/lib/libutee.a(trace_ext.o)
 .rodata.str1.1.lib/libutee/tee_api_operations.c
                0x0000000000018b29       0x6a /opt/st/stm32mp2/5.0.3-openstlinux-6.6-yocto-scarthgap-mpu-v24.11.06/sysroots/cortexa35-ostl-linux/usr/include/optee/export-user_ta_arm64/lib/libutee.a(tee_api_operations.o)
 .rodata.str1.1.lib/libutee/user_ta_entry.c
                0x0000000000018b29       0x4f /opt/st/stm32mp2/5.0.3-openstlinux-6.6-yocto-scarthgap-mpu-v24.11.06/sysroots/cortexa35-ostl-linux/usr/include/optee/export-user_ta_arm64/lib/libutee.a(user_ta_entry.o)
 .rodata.lib/libutee/user_ta_entry.c
                0x0000000000018b29       0x16 /opt/st/stm32mp2/5.0.3-openstlinux-6.6-yocto-scarthgap-mpu-v24.11.06/sysroots/cortexa35-ostl-linux/usr/include/optee/export-user_ta_arm64/lib/libutee.a(user_ta_entry.o)
 .rodata.str1.1.lib/libutee/abort.c
                0x0000000000018b3f        0x7 /opt/st/stm32mp2/5.0.3-openstlinux-6.6-yocto-scarthgap-mpu-v24.11.06/sysroots/cortexa35-ostl-linux/usr/include/optee/export-user_ta_arm64/lib/libutee.a(abort.o)
 .rodata.str1.1.lib/libutee/assert.c
                0x0000000000018b3f       0x27 /opt/st/stm32mp2/5.0.3-openstlinux-6.6-yocto-scarthgap-mpu-v24.11.06/sysroots/cortexa35-ostl-linux/usr/include/optee/export-user_ta_arm64/lib/libutee.a(assert.o)
 .rodata.str1.1.lib/libutee/tee_api.c
                0x0000000000018b3f       0x11 /opt/st/stm32mp2/5.0.3-openstlinux-6.6-yocto-scarthgap-mpu-v24.11.06/sysroots/cortexa35-ostl-linux/usr/include/optee/export-user_ta_arm64/lib/libutee.a(tee_api.o)
 .rodata.str1.1.lib/libutee/tee_api_arith_mpi.c
                0x0000000000018b3f       0xc9 /opt/st/stm32mp2/5.0.3-openstlinux-6.6-yocto-scarthgap-mpu-v24.11.06/sysroots/cortexa35-ostl-linux/usr/include/optee/export-user_ta_arm64/lib/libutee.a(tee_api_arith_mpi.o)
 .rodata.lib/libutee/tee_api_arith_mpi.c
                0x0000000000018b3f      0x14e /opt/st/stm32mp2/5.0.3-openstlinux-6.6-yocto-scarthgap-mpu-v24.11.06/sysroots/cortexa35-ostl-linux/usr/include/optee/export-user_ta_arm64/lib/libutee.a(tee_api_arith_mpi.o)
 .rodata.str1.1.lib/libutee/tee_api_property.c
                0x0000000000018c8d       0x9c /opt/st/stm32mp2/5.0.3-openstlinux-6.6-yocto-scarthgap-mpu-v24.11.06/sysroots/cortexa35-ostl-linux/usr/include/optee/export-user_ta_arm64/lib/libutee.a(tee_api_property.o)
 .rodata.str1.1.lib/libutee/tee_system_pta.c
                0x0000000000018c8d       0x55 /opt/st/stm32mp2/5.0.3-openstlinux-6.6-yocto-scarthgap-mpu-v24.11.06/sysroots/cortexa35-ostl-linux/usr/include/optee/export-user_ta_arm64/lib/libutee.a(tee_system_pta.o)
 .rodata.str1.1.lib/libutee/tcb.c
                0x0000000000018c8d       0xbe /opt/st/stm32mp2/5.0.3-openstlinux-6.6-yocto-scarthgap-mpu-v24.11.06/sysroots/cortexa35-ostl-linux/usr/include/optee/export-user_ta_arm64/lib/libutee.a(tcb.o)
 .rodata.lib/libutee/tcb.c
                0x0000000000018c8d       0x20 /opt/st/stm32mp2/5.0.3-openstlinux-6.6-yocto-scarthgap-mpu-v24.11.06/sysroots/cortexa35-ostl-linux/usr/include/optee/export-user_ta_arm64/lib/libutee.a(tcb.o)
 .rodata.lib/libutee/base64.c
                0x0000000000018cad       0x41 /opt/st/stm32mp2/5.0.3-openstlinux-6.6-yocto-scarthgap-mpu-v24.11.06/sysroots/cortexa35-ostl-linux/usr/include/optee/export-user_ta_arm64/lib/libutee.a(base64.o)
 .rodata.str1.1.lib/libmbedtls/mbedtls/library/bignum.c
                0x0000000000018cee      0x45d /opt/st/stm32mp2/5.0.3-openstlinux-6.6-yocto-scarthgap-mpu-v24.11.06/sysroots/cortexa35-ostl-linux/usr/include/optee/export-user_ta_arm64/lib/libmbedtls.a(bignum.o)
 .rodata.str1.1.lib/libutils/isoc/bget_malloc.c
                0x0000000000018cee      0x414 /opt/st/stm32mp2/5.0.3-openstlinux-6.6-yocto-scarthgap-mpu-v24.11.06/sysroots/cortexa35-ostl-linux/usr/include/optee/export-user_ta_arm64/lib/libutils.a(bget_malloc.o)
 .rodata.lib/libutils/isoc/bget_malloc.c
                0x0000000000018cee       0x6a /opt/st/stm32mp2/5.0.3-openstlinux-6.6-yocto-scarthgap-mpu-v24.11.06/sysroots/cortexa35-ostl-linux/usr/include/optee/export-user_ta_arm64/lib/libutils.a(bget_malloc.o)
 .rodata.str1.1.lib/libutils/ext/mempool.c
                0x0000000000018d58       0xba /opt/st/stm32mp2/5.0.3-openstlinux-6.6-yocto-scarthgap-mpu-v24.11.06/sysroots/cortexa35-ostl-linux/usr/include/optee/export-user_ta_arm64/lib/libutils.a(mempool.o)
 .rodata.lib/libutils/ext/mempool.c
                0x0000000000018d58       0x2c /opt/st/stm32mp2/5.0.3-openstlinux-6.6-yocto-scarthgap-mpu-v24.11.06/sysroots/cortexa35-ostl-linux/usr/include/optee/export-user_ta_arm64/lib/libutils.a(mempool.o)

.gnu.version_d  0x0000000000018d88        0x0
 .gnu.version_d
                0x0000000000018d88        0x0 ./ta_rsa_encrypt.o

.gnu.version    0x0000000000018d84        0x0
 .gnu.version   0x0000000000018d84        0x0 ./ta_rsa_encrypt.o

.gnu.version_r  0x0000000000018d88        0x0
 .gnu.version_r
                0x0000000000018d88        0x0 ./ta_rsa_encrypt.o

.gnu.hash       0x0000000000018d88       0x34
 .gnu.hash      0x0000000000018d88       0x34 ./ta_rsa_encrypt.o

.ta_head        0x0000000000018dc0       0x20
 .ta_head       0x0000000000018dc0       0x20 ./user_ta_header.o
                0x0000000000018dc0                ta_head

.ARM.extab
 *(SORT_BY_ALIGNMENT(.ARM.extab*) SORT_BY_ALIGNMENT(.gnu.linkonce.armextab.*))
                [!provide]                        PROVIDE (__exidx_start = .)

.ARM.exidx
 *(SORT_BY_ALIGNMENT(.ARM.exidx*) SORT_BY_ALIGNMENT(.gnu.linkonce.armexidx.*))
                [!provide]                        PROVIDE (__exidx_end = .)

.ctors
 *(SORT_BY_ALIGNMENT(.ctors))

.dtors
 *(SORT_BY_ALIGNMENT(.dtors))

.dynsym         0x0000000000018de0       0xa8
 *(SORT_BY_ALIGNMENT(.dynsym))
 .dynsym        0x0000000000018de0       0xa8 ./ta_rsa_encrypt.o

.dynstr         0x0000000000018e88       0x36
 *(SORT_BY_ALIGNMENT(.dynstr))
 .dynstr        0x0000000000018e88       0x36 ./ta_rsa_encrypt.o

.hash           0x0000000000018ec0       0x30
 *(SORT_BY_ALIGNMENT(.hash))
 .hash          0x0000000000018ec0       0x30 ./ta_rsa_encrypt.o

.rela.dyn       0x0000000000018ef0      0x348
 .rela.data.rel.ro
                0x0000000000018ef0       0x18 ./ta_rsa_encrypt.o
 .rela.ifunc    0x0000000000018f08        0x0 ./ta_rsa_encrypt.o
 .rela.data.rel.ro.local
                0x0000000000018f08      0x2a0 ./ta_rsa_encrypt.o
 .rela.data.rel.local
                0x00000000000191a8       0x90 ./ta_rsa_encrypt.o
                0x000000000001a000                . = ALIGN (0x1000)

.dynamic        0x000000000001a000      0x110
 *(SORT_BY_ALIGNMENT(.dynamic))
 .dynamic       0x000000000001a000      0x110 ./ta_rsa_encrypt.o
                0x000000000001a000                _DYNAMIC

.tdata
 *(SORT_BY_ALIGNMENT(.tdata) SORT_BY_ALIGNMENT(.tdata.*) SORT_BY_ALIGNMENT(.gnu.linkonce.td.*))

.tbss
 *(SORT_BY_ALIGNMENT(.tbss) SORT_BY_ALIGNMENT(.tbss.*) SORT_BY_ALIGNMENT(.gnu.linkonce.tb.*))
 *(SORT_BY_ALIGNMENT(.tcommon))

.got            0x000000000001a110       0xd0
 *(SORT_BY_ALIGNMENT(.got.plt))
 .got.plt       0x000000000001a110       0x18 ./ta_rsa_encrypt.o
 *(SORT_BY_ALIGNMENT(.got))
 .got           0x000000000001a128       0xb8 ./ta_rsa_encrypt.o
                0x000000000001a128                _GLOBAL_OFFSET_TABLE_

.rel.text
 *(SORT_BY_ALIGNMENT(.rel.text))
 *(SORT_BY_ALIGNMENT(.rel.gnu.linkonce.t*))

.rela.text
 *(SORT_BY_ALIGNMENT(.rela.text))
 *(SORT_BY_ALIGNMENT(.rela.gnu.linkonce.t*))

.rel.data
 *(SORT_BY_ALIGNMENT(.rel.data))
 *(SORT_BY_ALIGNMENT(.rel.gnu.linkonce.d*))

.rela.data
 *(SORT_BY_ALIGNMENT(.rela.data))
 *(SORT_BY_ALIGNMENT(.rela.gnu.linkonce.d*))

.rel.tdata
 *(SORT_BY_ALIGNMENT(.rel.tdata) SORT_BY_ALIGNMENT(.rel.tdata.*) SORT_BY_ALIGNMENT(.rel.gnu.linkonce.td.*))

.rela.tdata
 *(SORT_BY_ALIGNMENT(.rela.tdata) SORT_BY_ALIGNMENT(.rela.tdata.*) SORT_BY_ALIGNMENT(.rela.gnu.linkonce.td.*))

.rel.tbss
 *(SORT_BY_ALIGNMENT(.rel.tbss) SORT_BY_ALIGNMENT(.rel.tbss.*) SORT_BY_ALIGNMENT(.rel.gnu.linkonce.tb.*))

.rela.tbss
 *(SORT_BY_ALIGNMENT(.rela.tbss) SORT_BY_ALIGNMENT(.rela.tbss.*) SORT_BY_ALIGNMENT(.rela.gnu.linkonce.tb.*))

.rel.rodata
 *(SORT_BY_ALIGNMENT(.rel.rodata))
 *(SORT_BY_ALIGNMENT(.rel.gnu.linkonce.r*))

.rela.rodata
 *(SORT_BY_ALIGNMENT(.rela.rodata))
 *(SORT_BY_ALIGNMENT(.rela.gnu.linkonce.r*))

.rel.dyn
 *(SORT_BY_ALIGNMENT(.rel.dyn))

.rel.got
 *(SORT_BY_ALIGNMENT(.rel.got))

.rela.got       0x000000000001a1e0      0x210
 *(SORT_BY_ALIGNMENT(.rela.got))
 .rela.got      0x000000000001a1e0      0x210 ./ta_rsa_encrypt.o

.rel.ctors
 *(SORT_BY_ALIGNMENT(.rel.ctors))

.rela.ctors
 *(SORT_BY_ALIGNMENT(.rela.ctors))

.rel.dtors
 *(SORT_BY_ALIGNMENT(.rel.dtors))

.rela.dtors
 *(SORT_BY_ALIGNMENT(.rela.dtors))

.rel.init
 *(SORT_BY_ALIGNMENT(.rel.init))

.rela.init
 *(SORT_BY_ALIGNMENT(.rela.init))

.rel.fini
 *(SORT_BY_ALIGNMENT(.rel.fini))

.rela.fini
 *(SORT_BY_ALIGNMENT(.rela.fini))

.rel.bss
 *(SORT_BY_ALIGNMENT(.rel.bss))

.rela.bss       0x000000000001a3f0        0x0
 *(SORT_BY_ALIGNMENT(.rela.bss))
 .rela.bss      0x000000000001a3f0        0x0 ./ta_rsa_encrypt.o

.rel.plt
 *(SORT_BY_ALIGNMENT(.rel.plt))

.rela.plt       0x000000000001a3f0        0x0
 *(SORT_BY_ALIGNMENT(.rela.plt))
 .rela.plt      0x000000000001a3f0        0x0 ./ta_rsa_encrypt.o

.data           0x000000000001a3f0      0x244
 *(SORT_BY_ALIGNMENT(.data) SORT_BY_ALIGNMENT(.data.*) SORT_BY_ALIGNMENT(.gnu.linkonce.d.*))
 .data.rel.ro.local
                0x000000000001a3f0       0xd8 ./user_ta_header.o
                0x000000000001a3f0                ta_props
 .data          0x000000000001a4c8        0x8 /opt/st/stm32mp2/5.0.3-openstlinux-6.6-yocto-scarthgap-mpu-v24.11.06/sysroots/cortexa35-ostl-linux/usr/include/optee/export-user_ta_arm64/lib/libutils.a(stack_check.o)
                0x000000000001a4c8                __stack_chk_guard
 .data.rel.local
                0x000000000001a4d0       0x20 /opt/st/stm32mp2/5.0.3-openstlinux-6.6-yocto-scarthgap-mpu-v24.11.06/sysroots/cortexa35-ostl-linux/usr/include/optee/export-user_ta_arm64/lib/libutee.a(user_ta_entry.o)
 .data.rel.ro.local
                0x000000000001a4f0       0x78 /opt/st/stm32mp2/5.0.3-openstlinux-6.6-yocto-scarthgap-mpu-v24.11.06/sysroots/cortexa35-ostl-linux/usr/include/optee/export-user_ta_arm64/lib/libutee.a(tee_api_property.o)
                0x000000000001a4f0                tee_props
 .data.rel.ro   0x000000000001a568        0x8 /opt/st/stm32mp2/5.0.3-openstlinux-6.6-yocto-scarthgap-mpu-v24.11.06/sysroots/cortexa35-ostl-linux/usr/include/optee/export-user_ta_arm64/lib/libmbedtls.a(platform_util.o)
 .data          0x000000000001a570        0x8 /opt/st/stm32mp2/5.0.3-openstlinux-6.6-yocto-scarthgap-mpu-v24.11.06/sysroots/cortexa35-ostl-linux/usr/include/optee/export-user_ta_arm64/lib/libutils.a(bget_malloc.o)
 .data.rel.local
                0x000000000001a578       0xb8 /opt/st/stm32mp2/5.0.3-openstlinux-6.6-yocto-scarthgap-mpu-v24.11.06/sysroots/cortexa35-ostl-linux/usr/include/optee/export-user_ta_arm64/lib/libutils.a(bget_malloc.o)
 .data          0x000000000001a630        0x4 ./user_ta_header.o
                0x000000000001a630                trace_level
 .data          0x000000000001a634        0x0 ./ta_rsa_encrypt.o
 .data.rel.ro   0x000000000001a634        0x0 ./ta_rsa_encrypt.o
 .data          0x000000000001a634        0x0 /opt/st/stm32mp2/5.0.3-openstlinux-6.6-yocto-scarthgap-mpu-v24.11.06/sysroots/cortexa35-ostl-linux/usr/include/optee/export-user_ta_arm64/lib/libutils.a(trace.o)
 .data          0x000000000001a634        0x0 /opt/st/stm32mp2/5.0.3-openstlinux-6.6-yocto-scarthgap-mpu-v24.11.06/sysroots/cortexa35-ostl-linux/usr/include/optee/export-user_ta_arm64/lib/libutils.a(memcpy.o)
 .data          0x000000000001a634        0x0 /opt/st/stm32mp2/5.0.3-openstlinux-6.6-yocto-scarthgap-mpu-v24.11.06/sysroots/cortexa35-ostl-linux/usr/include/optee/export-user_ta_arm64/lib/libutils.a(snprintk.o)
 .data          0x000000000001a634        0x0 /opt/st/stm32mp2/5.0.3-openstlinux-6.6-yocto-scarthgap-mpu-v24.11.06/sysroots/cortexa35-ostl-linux/usr/include/optee/export-user_ta_arm64/lib/libutils.a(memchr.o)
 .data          0x000000000001a634        0x0 /opt/st/stm32mp2/5.0.3-openstlinux-6.6-yocto-scarthgap-mpu-v24.11.06/sysroots/cortexa35-ostl-linux/usr/include/optee/export-user_ta_arm64/lib/libutils.a(strlen.o)
 .data          0x000000000001a634        0x0 /opt/st/stm32mp2/5.0.3-openstlinux-6.6-yocto-scarthgap-mpu-v24.11.06/sysroots/cortexa35-ostl-linux/usr/include/optee/export-user_ta_arm64/lib/libutee.a(trace_ext.o)
 .data          0x000000000001a634        0x0 /opt/st/stm32mp2/5.0.3-openstlinux-6.6-yocto-scarthgap-mpu-v24.11.06/sysroots/cortexa35-ostl-linux/usr/include/optee/export-user_ta_arm64/lib/libutee.a(tee_api_objects.o)
 .data          0x000000000001a634        0x0 /opt/st/stm32mp2/5.0.3-openstlinux-6.6-yocto-scarthgap-mpu-v24.11.06/sysroots/cortexa35-ostl-linux/usr/include/optee/export-user_ta_arm64/lib/libutee.a(tee_api_operations.o)
 .data          0x000000000001a634        0x0 /opt/st/stm32mp2/5.0.3-openstlinux-6.6-yocto-scarthgap-mpu-v24.11.06/sysroots/cortexa35-ostl-linux/usr/include/optee/export-user_ta_arm64/lib/libutee.a(tee_api_panic.o)
 .data          0x000000000001a634        0x0 /opt/st/stm32mp2/5.0.3-openstlinux-6.6-yocto-scarthgap-mpu-v24.11.06/sysroots/cortexa35-ostl-linux/usr/include/optee/export-user_ta_arm64/lib/libutee.a(user_ta_entry.o)
 .data          0x000000000001a634        0x0 /opt/st/stm32mp2/5.0.3-openstlinux-6.6-yocto-scarthgap-mpu-v24.11.06/sysroots/cortexa35-ostl-linux/usr/include/optee/export-user_ta_arm64/lib/libutee.a(utee_syscalls_a64.o)
 .data          0x000000000001a634        0x0 /opt/st/stm32mp2/5.0.3-openstlinux-6.6-yocto-scarthgap-mpu-v24.11.06/sysroots/cortexa35-ostl-linux/usr/include/optee/export-user_ta_arm64/lib/libutee.a(abort.o)
 .data          0x000000000001a634        0x0 /opt/st/stm32mp2/5.0.3-openstlinux-6.6-yocto-scarthgap-mpu-v24.11.06/sysroots/cortexa35-ostl-linux/usr/include/optee/export-user_ta_arm64/lib/libutee.a(assert.o)
 .data          0x000000000001a634        0x0 /opt/st/stm32mp2/5.0.3-openstlinux-6.6-yocto-scarthgap-mpu-v24.11.06/sysroots/cortexa35-ostl-linux/usr/include/optee/export-user_ta_arm64/lib/libutee.a(tee_api.o)
 .data          0x000000000001a634        0x0 /opt/st/stm32mp2/5.0.3-openstlinux-6.6-yocto-scarthgap-mpu-v24.11.06/sysroots/cortexa35-ostl-linux/usr/include/optee/export-user_ta_arm64/lib/libutee.a(tee_api_arith_mpi.o)
 .data          0x000000000001a634        0x0 /opt/st/stm32mp2/5.0.3-openstlinux-6.6-yocto-scarthgap-mpu-v24.11.06/sysroots/cortexa35-ostl-linux/usr/include/optee/export-user_ta_arm64/lib/libutee.a(tee_api_property.o)
 .data          0x000000000001a634        0x0 /opt/st/stm32mp2/5.0.3-openstlinux-6.6-yocto-scarthgap-mpu-v24.11.06/sysroots/cortexa35-ostl-linux/usr/include/optee/export-user_ta_arm64/lib/libutee.a(tee_system_pta.o)
 .data          0x000000000001a634        0x0 /opt/st/stm32mp2/5.0.3-openstlinux-6.6-yocto-scarthgap-mpu-v24.11.06/sysroots/cortexa35-ostl-linux/usr/include/optee/export-user_ta_arm64/lib/libutee.a(tcb.o)
 .data          0x000000000001a634        0x0 /opt/st/stm32mp2/5.0.3-openstlinux-6.6-yocto-scarthgap-mpu-v24.11.06/sysroots/cortexa35-ostl-linux/usr/include/optee/export-user_ta_arm64/lib/libutee.a(base64.o)
 .data          0x000000000001a634        0x0 /opt/st/stm32mp2/5.0.3-openstlinux-6.6-yocto-scarthgap-mpu-v24.11.06/sysroots/cortexa35-ostl-linux/usr/include/optee/export-user_ta_arm64/lib/libmbedtls.a(bignum.o)
 .data          0x000000000001a634        0x0 /opt/st/stm32mp2/5.0.3-openstlinux-6.6-yocto-scarthgap-mpu-v24.11.06/sysroots/cortexa35-ostl-linux/usr/include/optee/export-user_ta_arm64/lib/libmbedtls.a(bignum_core.o)
 .data          0x000000000001a634        0x0 /opt/st/stm32mp2/5.0.3-openstlinux-6.6-yocto-scarthgap-mpu-v24.11.06/sysroots/cortexa35-ostl-linux/usr/include/optee/export-user_ta_arm64/lib/libmbedtls.a(constant_time.o)
 .data          0x000000000001a634        0x0 /opt/st/stm32mp2/5.0.3-openstlinux-6.6-yocto-scarthgap-mpu-v24.11.06/sysroots/cortexa35-ostl-linux/usr/include/optee/export-user_ta_arm64/lib/libmbedtls.a(platform_util.o)
 .data          0x000000000001a634        0x0 /opt/st/stm32mp2/5.0.3-openstlinux-6.6-yocto-scarthgap-mpu-v24.11.06/sysroots/cortexa35-ostl-linux/usr/include/optee/export-user_ta_arm64/lib/libutils.a(snprintf.o)
 .data          0x000000000001a634        0x0 /opt/st/stm32mp2/5.0.3-openstlinux-6.6-yocto-scarthgap-mpu-v24.11.06/sysroots/cortexa35-ostl-linux/usr/include/optee/export-user_ta_arm64/lib/libutils.a(memmove.o)
 .data          0x000000000001a634        0x0 /opt/st/stm32mp2/5.0.3-openstlinux-6.6-yocto-scarthgap-mpu-v24.11.06/sysroots/cortexa35-ostl-linux/usr/include/optee/export-user_ta_arm64/lib/libutils.a(memset.o)
 .data          0x000000000001a634        0x0 /opt/st/stm32mp2/5.0.3-openstlinux-6.6-yocto-scarthgap-mpu-v24.11.06/sysroots/cortexa35-ostl-linux/usr/include/optee/export-user_ta_arm64/lib/libutils.a(strcmp.o)
 .data          0x000000000001a634        0x0 /opt/st/stm32mp2/5.0.3-openstlinux-6.6-yocto-scarthgap-mpu-v24.11.06/sysroots/cortexa35-ostl-linux/usr/include/optee/export-user_ta_arm64/lib/libutils.a(strlcpy.o)
 .data          0x000000000001a634        0x0 /opt/st/stm32mp2/5.0.3-openstlinux-6.6-yocto-scarthgap-mpu-v24.11.06/sysroots/cortexa35-ostl-linux/usr/include/optee/export-user_ta_arm64/lib/libutils.a(mempool.o)
 .data          0x000000000001a634        0x0 /opt/st/stm32mp2/5.0.3-openstlinux-6.6-yocto-scarthgap-mpu-v24.11.06/sysroots/cortexa35-ostl-linux/usr/include/optee/export-user_ta_arm64/lib/libutils.a(consttime_memcmp.o)

.bss            0x000000000001a638     0xb8b0
 *(SORT_BY_ALIGNMENT(.bss) SORT_BY_ALIGNMENT(.bss.*) SORT_BY_ALIGNMENT(.gnu.linkonce.b.*) SORT_BY_ALIGNMENT(COMMON))
 .bss           0x000000000001a638        0x8 ./ta_rsa_encrypt.o
 .bss           0x000000000001a640       0x6c /opt/st/stm32mp2/5.0.3-openstlinux-6.6-yocto-scarthgap-mpu-v24.11.06/sysroots/cortexa35-ostl-linux/usr/include/optee/export-user_ta_arm64/lib/libutee.a(user_ta_entry.o)
                0x000000000001a650                __elf_phdr_info
                0x000000000001a660                __ta_no_share_malloc_ctx
                0x000000000001a668                ta_params
                0x000000000001a6a8                ta_param_types
 *fill*         0x000000000001a6ac        0x4 
 .bss           0x000000000001a6b0       0x10 /opt/st/stm32mp2/5.0.3-openstlinux-6.6-yocto-scarthgap-mpu-v24.11.06/sysroots/cortexa35-ostl-linux/usr/include/optee/export-user_ta_arm64/lib/libutee.a(tee_api.o)
 .bss           0x000000000001a6c0     0x3800 /opt/st/stm32mp2/5.0.3-openstlinux-6.6-yocto-scarthgap-mpu-v24.11.06/sysroots/cortexa35-ostl-linux/usr/include/optee/export-user_ta_arm64/lib/libutee.a(tee_api_arith_mpi.o)
 .bss           0x000000000001dec0        0x8 /opt/st/stm32mp2/5.0.3-openstlinux-6.6-yocto-scarthgap-mpu-v24.11.06/sysroots/cortexa35-ostl-linux/usr/include/optee/export-user_ta_arm64/lib/libutee.a(tee_system_pta.o)
 .bss           0x000000000001dec8       0x10 /opt/st/stm32mp2/5.0.3-openstlinux-6.6-yocto-scarthgap-mpu-v24.11.06/sysroots/cortexa35-ostl-linux/usr/include/optee/export-user_ta_arm64/lib/libutee.a(tcb.o)
 .bss           0x000000000001ded8        0x8 /opt/st/stm32mp2/5.0.3-openstlinux-6.6-yocto-scarthgap-mpu-v24.11.06/sysroots/cortexa35-ostl-linux/usr/include/optee/export-user_ta_arm64/lib/libmbedtls.a(bignum.o)
                0x000000000001ded8                mbedtls_mpi_mempool
 .bss           0x000000000001dee0        0x8 /opt/st/stm32mp2/5.0.3-openstlinux-6.6-yocto-scarthgap-mpu-v24.11.06/sysroots/cortexa35-ostl-linux/usr/include/optee/export-user_ta_arm64/lib/libutils.a(bget_malloc.o)
 .bss           0x000000000001dee8     0x8000 ./user_ta_header.o
                0x000000000001dee8                ta_heap
                0x000000000001dee8                __ta_no_share_heap
 .bss           0x0000000000025ee8        0x0 /opt/st/stm32mp2/5.0.3-openstlinux-6.6-yocto-scarthgap-mpu-v24.11.06/sysroots/cortexa35-ostl-linux/usr/include/optee/export-user_ta_arm64/lib/libutils.a(stack_check.o)
 .bss           0x0000000000025ee8        0x0 /opt/st/stm32mp2/5.0.3-openstlinux-6.6-yocto-scarthgap-mpu-v24.11.06/sysroots/cortexa35-ostl-linux/usr/include/optee/export-user_ta_arm64/lib/libutils.a(trace.o)
 .bss           0x0000000000025ee8        0x0 /opt/st/stm32mp2/5.0.3-openstlinux-6.6-yocto-scarthgap-mpu-v24.11.06/sysroots/cortexa35-ostl-linux/usr/include/optee/export-user_ta_arm64/lib/libutils.a(memcpy.o)
 .bss           0x0000000000025ee8        0x0 /opt/st/stm32mp2/5.0.3-openstlinux-6.6-yocto-scarthgap-mpu-v24.11.06/sysroots/cortexa35-ostl-linux/usr/include/optee/export-user_ta_arm64/lib/libutils.a(snprintk.o)
 .bss           0x0000000000025ee8        0x0 /opt/st/stm32mp2/5.0.3-openstlinux-6.6-yocto-scarthgap-mpu-v24.11.06/sysroots/cortexa35-ostl-linux/usr/include/optee/export-user_ta_arm64/lib/libutils.a(memchr.o)
 .bss           0x0000000000025ee8        0x0 /opt/st/stm32mp2/5.0.3-openstlinux-6.6-yocto-scarthgap-mpu-v24.11.06/sysroots/cortexa35-ostl-linux/usr/include/optee/export-user_ta_arm64/lib/libutils.a(strlen.o)
 .bss           0x0000000000025ee8        0x0 /opt/st/stm32mp2/5.0.3-openstlinux-6.6-yocto-scarthgap-mpu-v24.11.06/sysroots/cortexa35-ostl-linux/usr/include/optee/export-user_ta_arm64/lib/libutee.a(trace_ext.o)
 .bss           0x0000000000025ee8        0x0 /opt/st/stm32mp2/5.0.3-openstlinux-6.6-yocto-scarthgap-mpu-v24.11.06/sysroots/cortexa35-ostl-linux/usr/include/optee/export-user_ta_arm64/lib/libutee.a(tee_api_objects.o)
 .bss           0x0000000000025ee8        0x0 /opt/st/stm32mp2/5.0.3-openstlinux-6.6-yocto-scarthgap-mpu-v24.11.06/sysroots/cortexa35-ostl-linux/usr/include/optee/export-user_ta_arm64/lib/libutee.a(tee_api_operations.o)
 .bss           0x0000000000025ee8        0x0 /opt/st/stm32mp2/5.0.3-openstlinux-6.6-yocto-scarthgap-mpu-v24.11.06/sysroots/cortexa35-ostl-linux/usr/include/optee/export-user_ta_arm64/lib/libutee.a(tee_api_panic.o)
 .bss           0x0000000000025ee8        0x0 /opt/st/stm32mp2/5.0.3-openstlinux-6.6-yocto-scarthgap-mpu-v24.11.06/sysroots/cortexa35-ostl-linux/usr/include/optee/export-user_ta_arm64/lib/libutee.a(utee_syscalls_a64.o)
 .bss           0x0000000000025ee8        0x0 /opt/st/stm32mp2/5.0.3-openstlinux-6.6-yocto-scarthgap-mpu-v24.11.06/sysroots/cortexa35-ostl-linux/usr/include/optee/export-user_ta_arm64/lib/libutee.a(abort.o)
 .bss           0x0000000000025ee8        0x0 /opt/st/stm32mp2/5.0.3-openstlinux-6.6-yocto-scarthgap-mpu-v24.11.06/sysroots/cortexa35-ostl-linux/usr/include/optee/export-user_ta_arm64/lib/libutee.a(assert.o)
 .bss           0x0000000000025ee8        0x0 /opt/st/stm32mp2/5.0.3-openstlinux-6.6-yocto-scarthgap-mpu-v24.11.06/sysroots/cortexa35-ostl-linux/usr/include/optee/export-user_ta_arm64/lib/libutee.a(tee_api_property.o)
 .bss           0x0000000000025ee8        0x0 /opt/st/stm32mp2/5.0.3-openstlinux-6.6-yocto-scarthgap-mpu-v24.11.06/sysroots/cortexa35-ostl-linux/usr/include/optee/export-user_ta_arm64/lib/libutee.a(base64.o)
 .bss           0x0000000000025ee8        0x0 /opt/st/stm32mp2/5.0.3-openstlinux-6.6-yocto-scarthgap-mpu-v24.11.06/sysroots/cortexa35-ostl-linux/usr/include/optee/export-user_ta_arm64/lib/libmbedtls.a(bignum_core.o)
 .bss           0x0000000000025ee8        0x0 /opt/st/stm32mp2/5.0.3-openstlinux-6.6-yocto-scarthgap-mpu-v24.11.06/sysroots/cortexa35-ostl-linux/usr/include/optee/export-user_ta_arm64/lib/libmbedtls.a(constant_time.o)
 .bss           0x0000000000025ee8        0x0 /opt/st/stm32mp2/5.0.3-openstlinux-6.6-yocto-scarthgap-mpu-v24.11.06/sysroots/cortexa35-ostl-linux/usr/include/optee/export-user_ta_arm64/lib/libmbedtls.a(platform_util.o)
 .bss           0x0000000000025ee8        0x0 /opt/st/stm32mp2/5.0.3-openstlinux-6.6-yocto-scarthgap-mpu-v24.11.06/sysroots/cortexa35-ostl-linux/usr/include/optee/export-user_ta_arm64/lib/libutils.a(snprintf.o)
 .bss           0x0000000000025ee8        0x0 /opt/st/stm32mp2/5.0.3-openstlinux-6.6-yocto-scarthgap-mpu-v24.11.06/sysroots/cortexa35-ostl-linux/usr/include/optee/export-user_ta_arm64/lib/libutils.a(memmove.o)
 .bss           0x0000000000025ee8        0x0 /opt/st/stm32mp2/5.0.3-openstlinux-6.6-yocto-scarthgap-mpu-v24.11.06/sysroots/cortexa35-ostl-linux/usr/include/optee/export-user_ta_arm64/lib/libutils.a(memset.o)
 .bss           0x0000000000025ee8        0x0 /opt/st/stm32mp2/5.0.3-openstlinux-6.6-yocto-scarthgap-mpu-v24.11.06/sysroots/cortexa35-ostl-linux/usr/include/optee/export-user_ta_arm64/lib/libutils.a(strcmp.o)
 .bss           0x0000000000025ee8        0x0 /opt/st/stm32mp2/5.0.3-openstlinux-6.6-yocto-scarthgap-mpu-v24.11.06/sysroots/cortexa35-ostl-linux/usr/include/optee/export-user_ta_arm64/lib/libutils.a(strlcpy.o)
 .bss           0x0000000000025ee8        0x0 /opt/st/stm32mp2/5.0.3-openstlinux-6.6-yocto-scarthgap-mpu-v24.11.06/sysroots/cortexa35-ostl-linux/usr/include/optee/export-user_ta_arm64/lib/libutils.a(mempool.o)
 .bss           0x0000000000025ee8        0x0 /opt/st/stm32mp2/5.0.3-openstlinux-6.6-yocto-scarthgap-mpu-v24.11.06/sysroots/cortexa35-ostl-linux/usr/include/optee/export-user_ta_arm64/lib/libutils.a(consttime_memcmp.o)
                0x0000000000025ee8                . = ALIGN (0x8)
                0x0000000000025ee8                __ftrace_buf_start = .
                0x0000000000025ee8                . = (. + DEFINED (_mcount)?0x800:0x0)
                0x0000000000025ee8                __ftrace_buf_end = .

.dynbss         0x0000000000025ee8        0x0
 .dynbss        0x0000000000025ee8        0x0 ./ta_rsa_encrypt.o

/DISCARD/
 *(SORT_BY_ALIGNMENT(.interp))
LOAD ./ta_rsa_encrypt.o
LOAD ./user_ta_header.o
START GROUP
LOAD /opt/st/stm32mp2/5.0.3-openstlinux-6.6-yocto-scarthgap-mpu-v24.11.06/sysroots/cortexa35-ostl-linux/usr/include/optee/export-user_ta_arm64/lib/libutils.a
LOAD /opt/st/stm32mp2/5.0.3-openstlinux-6.6-yocto-scarthgap-mpu-v24.11.06/sysroots/cortexa35-ostl-linux/usr/include/optee/export-user_ta_arm64/lib/libutee.a
LOAD /opt/st/stm32mp2/5.0.3-openstlinux-6.6-yocto-scarthgap-mpu-v24.11.06/sysroots/cortexa35-ostl-linux/usr/include/optee/export-user_ta_arm64/lib/libmbedtls.a
LOAD /opt/st/stm32mp2/5.0.3-openstlinux-6.6-yocto-scarthgap-mpu-v24.11.06/sysroots/cortexa35-ostl-linux/usr/include/optee/export-user_ta_arm64/lib/libdl.a
LOAD /opt/st/stm32mp2/5.0.3-openstlinux-6.6-yocto-scarthgap-mpu-v24.11.06/sysroots/cortexa35-ostl-linux/usr/include/optee/export-user_ta_arm64/lib/libzlib.a
LOAD /opt/st/stm32mp2/5.0.3-openstlinux-6.6-yocto-scarthgap-mpu-v24.11.06/sysroots/cortexa35-ostl-linux/usr/include/optee/export-user_ta_arm64/lib/libpng.a
END GROUP
LOAD /opt/st/stm32mp2/5.0.3-openstlinux-6.6-yocto-scarthgap-mpu-v24.11.06/sysroots/cortexa35-ostl-linux/lib/aarch64-ostl-linux/13.3.0/libgcc.a
LOAD /opt/st/stm32mp2/5.0.3-openstlinux-6.6-yocto-scarthgap-mpu-v24.11.06/sysroots/cortexa35-ostl-linux/usr/include/optee/export-user_ta_arm64/lib/libutils.a
OUTPUT(12345678-1234-5678-90ab-cdef12345678.elf elf64-littleaarch64)
LOAD linker stubs

.debug_info     0x0000000000000000    0x2450f
 .debug_info    0x0000000000000000      0x991 ./ta_rsa_encrypt.o
 .debug_info    0x0000000000000991      0x4da ./user_ta_header.o
 .debug_info    0x0000000000000e6b      0x146 /opt/st/stm32mp2/5.0.3-openstlinux-6.6-yocto-scarthgap-mpu-v24.11.06/sysroots/cortexa35-ostl-linux/usr/include/optee/export-user_ta_arm64/lib/libutils.a(stack_check.o)
 .debug_info    0x0000000000000fb1      0x6ea /opt/st/stm32mp2/5.0.3-openstlinux-6.6-yocto-scarthgap-mpu-v24.11.06/sysroots/cortexa35-ostl-linux/usr/include/optee/export-user_ta_arm64/lib/libutils.a(trace.o)
 .debug_info    0x000000000000169b      0x130 /opt/st/stm32mp2/5.0.3-openstlinux-6.6-yocto-scarthgap-mpu-v24.11.06/sysroots/cortexa35-ostl-linux/usr/include/optee/export-user_ta_arm64/lib/libutils.a(memcpy.o)
 .debug_info    0x00000000000017cb      0x94a /opt/st/stm32mp2/5.0.3-openstlinux-6.6-yocto-scarthgap-mpu-v24.11.06/sysroots/cortexa35-ostl-linux/usr/include/optee/export-user_ta_arm64/lib/libutils.a(snprintk.o)
 .debug_info    0x0000000000002115       0xff /opt/st/stm32mp2/5.0.3-openstlinux-6.6-yocto-scarthgap-mpu-v24.11.06/sysroots/cortexa35-ostl-linux/usr/include/optee/export-user_ta_arm64/lib/libutils.a(memchr.o)
 .debug_info    0x0000000000002214       0xbf /opt/st/stm32mp2/5.0.3-openstlinux-6.6-yocto-scarthgap-mpu-v24.11.06/sysroots/cortexa35-ostl-linux/usr/include/optee/export-user_ta_arm64/lib/libutils.a(strlen.o)